#-----------------------------------------------------------
# Vivado v2024.2 (64-bit)
# SW Build 5239630 on Fri Nov 08 22:35:27 MST 2024
# IP Build 5239520 on Sun Nov 10 16:12:51 MST 2024
# SharedData Build 5239561 on Fri Nov 08 14:39:27 MST 2024
# Start of session at: Wed Apr  2 11:37:45 2025
# Process ID         : 13856
# Current directory  : C:/Users/20223108/Documents/github/ethernet_receiver/fifo_buffer/fifo_buffer/fifo_buffer.runs/design_2_processing_system7_0_0_synth_1
# Command line       : vivado.exe -log design_2_processing_system7_0_0.vds -product Vivado -mode batch -messageDb vivado.pb -notrace -source design_2_processing_system7_0_0.tcl
# Log file           : C:/Users/20223108/Documents/github/ethernet_receiver/fifo_buffer/fifo_buffer/fifo_buffer.runs/design_2_processing_system7_0_0_synth_1/design_2_processing_system7_0_0.vds
# Journal file       : C:/Users/20223108/Documents/github/ethernet_receiver/fifo_buffer/fifo_buffer/fifo_buffer.runs/design_2_processing_system7_0_0_synth_1\vivado.jou
# Running On         : S20223108
# Platform           : Windows Server 2016 or Windows 10
# Operating System   : 19045
# Processor Detail   : 11th Gen Intel(R) Core(TM) i7-11800H @ 2.30GHz
# CPU Frequency      : 2304 MHz
# CPU Physical cores : 8
# CPU Logical cores  : 16
# Host memory        : 16827 MB
# Swap memory        : 17179 MB
# Total Virtual      : 34007 MB
# Available Virtual  : 20936 MB
#-----------------------------------------------------------
source design_2_processing_system7_0_0.tcl -notrace
