#-----------------------------------------------------------
# Vivado v2024.2 (64-bit)
# SW Build 5239630 on Fri Nov 08 22:35:27 MST 2024
# IP Build 5239520 on Sun Nov 10 16:12:51 MST 2024
# SharedData Build 5239561 on Fri Nov 08 14:39:27 MST 2024
# Start of session at: Mon May 19 13:53:00 2025
# Process ID         : 17936
# Current directory  : C:/Users/20212024/Github/ethernet_receiver/fifo_buffer/fifo_buffer
# Command line       : vivado.exe -gui_launcher_event rodinguilauncherevent22012 C:\Users\20212024\Github\ethernet_receiver\fifo_buffer\fifo_buffer\fifo_buffer.xpr
# Log file           : C:/Users/20212024/Github/ethernet_receiver/fifo_buffer/fifo_buffer/vivado.log
# Journal file       : C:/Users/20212024/Github/ethernet_receiver/fifo_buffer/fifo_buffer\vivado.jou
# Running On         : s20212024
# Platform           : Windows Server 2016 or Windows 10
# Operating System   : 26100
# Processor Detail   : Intel(R) Core(TM) i7-10750H CPU @ 2.60GHz
# CPU Frequency      : 2592 MHz
# CPU Physical cores : 6
# CPU Logical cores  : 12
# Host memory        : 16919 MB
# Swap memory        : 13421 MB
# Total Virtual      : 30340 MB
# Available Virtual  : 11723 MB
#-----------------------------------------------------------
start_gui
open_project C:/Users/20212024/Github/ethernet_receiver/fifo_buffer/fifo_buffer/fifo_buffer.xpr
update_compile_order -fileset sources_1
launch_simulation
source fifo_buffer_tb.tcl
close_sim
launch_simulation
source fifo_buffer_tb.tcl
close_sim
