#-----------------------------------------------------------
# Vivado v2024.2 (64-bit)
# SW Build 5239630 on Fri Nov 08 22:35:27 MST 2024
# IP Build 5239520 on Sun Nov 10 16:12:51 MST 2024
# SharedData Build 5239561 on Fri Nov 08 14:39:27 MST 2024
# Start of session at: Thu May  1 15:47:54 2025
# Process ID         : 13716
# Current directory  : C:/Users/20212024/Github/ethernet_receiver/fifo_buffer/fifo_buffer
# Command line       : vivado.exe -gui_launcher_event rodinguilauncherevent24624 C:\Users\20212024\Github\ethernet_receiver\fifo_buffer\fifo_buffer\fifo_buffer.xpr
# Log file           : C:/Users/20212024/Github/ethernet_receiver/fifo_buffer/fifo_buffer/vivado.log
# Journal file       : C:/Users/20212024/Github/ethernet_receiver/fifo_buffer/fifo_buffer\vivado.jou
# Running On         : s20212024
# Platform           : Windows Server 2016 or Windows 10
# Operating System   : 26100
# Processor Detail   : Intel(R) Core(TM) i7-10750H CPU @ 2.60GHz
# CPU Frequency      : 2592 MHz
# CPU Physical cores : 6
# CPU Logical cores  : 12
# Host memory        : 16919 MB
# Swap memory        : 11274 MB
# Total Virtual      : 28193 MB
# Available Virtual  : 5148 MB
#-----------------------------------------------------------
start_gui
INFO: [Common 17-1460] Use of init.tcl in C:/Users/20212024/AppData/Roaming/Xilinx/Vivado/init.tcl is deprecated. Please use Vivado_init.tcl 
Sourcing tcl script 'C:/Users/20212024/AppData/Roaming/Xilinx/Vivado/init.tcl'
open_project C:/Users/20212024/Github/ethernet_receiver/fifo_buffer/fifo_buffer/fifo_buffer.xpr
INFO: [Project 1-313] Project file moved from 'C:/Users/20223108/Documents/github/ethernet_receiver/fifo_buffer/fifo_buffer' since last save.
Scanning sources...
Finished scanning sources
INFO: [IP_Flow 19-234] Refreshing IP repositories
INFO: [IP_Flow 19-1700] Loaded user IP repository 'c:/Users/20212024/Github/ethernet_receiver/ip_repo/fifo_AXI_slavemaster_1_0'.
INFO: [IP_Flow 19-1700] Loaded user IP repository 'c:/Users/20212024/Github/ethernet_receiver/ip_repo/fifo_AXI_ip_1_0'.
INFO: [IP_Flow 19-2313] Loaded Vivado IP repository 'C:/Xilinx/Vivado/2024.2/data/ip'.
open_project: Time (s): cpu = 00:00:11 ; elapsed = 00:00:05 . Memory (MB): peak = 1114.262 ; gain = 74.727
update_compile_order -fileset sources_1
create_peripheral tue.nl user fifo_AXIexampleIP 1.0 -dir C:/Users/20212024/Github/ethernet_receiver/fifo_buffer/fifo_buffer/../ip_repo
add_peripheral_interface S00_AXI -interface_mode slave -axi_type lite [ipx::find_open_core tue.nl:user:fifo_AXIexampleIP:1.0]
generate_peripheral -driver -bfm_example_design -debug_hw_example_design [ipx::find_open_core tue.nl:user:fifo_AXIexampleIP:1.0]
write_peripheral [ipx::find_open_core tue.nl:user:fifo_AXIexampleIP:1.0]
set_property  ip_repo_paths  {C:/Users/20212024/Github/ethernet_receiver/fifo_buffer/fifo_buffer/../ip_repo/fifo_AXIexampleIP_1_0 C:/Users/20212024/Github/ethernet_receiver/ip_repo/fifo_AXI_slavemaster_1_0 C:/Users/20212024/Github/ethernet_receiver/ip_repo/fifo_AXI_ip_1_0} [current_project]
update_ip_catalog -rebuild
INFO: [IP_Flow 19-234] Refreshing IP repositories
INFO: [IP_Flow 19-1700] Loaded user IP repository 'c:/Users/20212024/Github/ethernet_receiver/fifo_buffer/ip_repo/fifo_AXIexampleIP_1_0'.
INFO: [IP_Flow 19-1700] Loaded user IP repository 'c:/Users/20212024/Github/ethernet_receiver/ip_repo/fifo_AXI_slavemaster_1_0'.
INFO: [IP_Flow 19-1700] Loaded user IP repository 'c:/Users/20212024/Github/ethernet_receiver/ip_repo/fifo_AXI_ip_1_0'.
ipx::edit_ip_in_project -upgrade true -name edit_fifo_AXIexampleIP_v1_0 -directory C:/Users/20212024/Github/ethernet_receiver/fifo_buffer/fifo_buffer/../ip_repo c:/Users/20212024/Github/ethernet_receiver/fifo_buffer/ip_repo/fifo_AXIexampleIP_1_0/component.xml
INFO: [IP_Flow 19-234] Refreshing IP repositories
INFO: [IP_Flow 19-1704] No user IP repositories specified
INFO: [IP_Flow 19-2313] Loaded Vivado IP repository 'C:/Xilinx/Vivado/2024.2/data/ip'.
INFO: [IP_Flow 19-234] Refreshing IP repositories
INFO: [IP_Flow 19-1700] Loaded user IP repository 'c:/Users/20212024/Github/ethernet_receiver/fifo_buffer/ip_repo/fifo_AXIexampleIP_1_0'.
INFO: [IP_Flow 19-1700] Loaded user IP repository 'c:/Users/20212024/Github/ethernet_receiver/ip_repo/fifo_AXI_slavemaster_1_0'.
INFO: [IP_Flow 19-1700] Loaded user IP repository 'c:/Users/20212024/Github/ethernet_receiver/ip_repo/fifo_AXI_ip_1_0'.
INFO: [IP_Flow 19-795] Syncing license key meta-data
ipx::edit_ip_in_project: Time (s): cpu = 00:00:10 ; elapsed = 00:00:06 . Memory (MB): peak = 1162.527 ; gain = 30.879
update_compile_order -fileset sources_1
create_peripheral tue.nl user extrawide_axi_buff 1.0 -dir C:/Users/20212024/Github/ethernet_receiver/fifo_buffer/fifo_buffer/../ip_repo
add_peripheral_interface S00_AXI -interface_mode slave -axi_type lite [ipx::find_open_core tue.nl:user:extrawide_axi_buff:1.0]
set_property VALUE 36 [ipx::get_bus_parameters WIZ_NUM_REG -of_objects [ipx::get_bus_interfaces S00_AXI -of_objects [ipx::find_open_core tue.nl:user:extrawide_axi_buff:1.0]]]
generate_peripheral -driver -bfm_example_design -debug_hw_example_design [ipx::find_open_core tue.nl:user:extrawide_axi_buff:1.0]
write_peripheral [ipx::find_open_core tue.nl:user:extrawide_axi_buff:1.0]
current_project fifo_buffer
set_property  ip_repo_paths  {C:/Users/20212024/Github/ethernet_receiver/fifo_buffer/fifo_buffer/../ip_repo/extrawide_axi_buff_1_0 C:/Users/20212024/Github/ethernet_receiver/fifo_buffer/ip_repo/fifo_AXIexampleIP_1_0 C:/Users/20212024/Github/ethernet_receiver/ip_repo/fifo_AXI_slavemaster_1_0 C:/Users/20212024/Github/ethernet_receiver/ip_repo/fifo_AXI_ip_1_0} [current_project]
update_ip_catalog -rebuild
INFO: [IP_Flow 19-234] Refreshing IP repositories
INFO: [IP_Flow 19-1700] Loaded user IP repository 'c:/Users/20212024/Github/ethernet_receiver/fifo_buffer/ip_repo/extrawide_axi_buff_1_0'.
INFO: [IP_Flow 19-1700] Loaded user IP repository 'c:/Users/20212024/Github/ethernet_receiver/fifo_buffer/ip_repo/fifo_AXIexampleIP_1_0'.
INFO: [IP_Flow 19-1700] Loaded user IP repository 'c:/Users/20212024/Github/ethernet_receiver/ip_repo/fifo_AXI_slavemaster_1_0'.
INFO: [IP_Flow 19-1700] Loaded user IP repository 'c:/Users/20212024/Github/ethernet_receiver/ip_repo/fifo_AXI_ip_1_0'.
ipx::edit_ip_in_project -upgrade true -name edit_extrawide_axi_buff_v1_0 -directory C:/Users/20212024/Github/ethernet_receiver/fifo_buffer/fifo_buffer/../ip_repo c:/Users/20212024/Github/ethernet_receiver/fifo_buffer/ip_repo/extrawide_axi_buff_1_0/component.xml
INFO: [IP_Flow 19-234] Refreshing IP repositories
INFO: [IP_Flow 19-1704] No user IP repositories specified
INFO: [IP_Flow 19-2313] Loaded Vivado IP repository 'C:/Xilinx/Vivado/2024.2/data/ip'.
INFO: [IP_Flow 19-234] Refreshing IP repositories
INFO: [IP_Flow 19-1700] Loaded user IP repository 'c:/Users/20212024/Github/ethernet_receiver/fifo_buffer/ip_repo/extrawide_axi_buff_1_0'.
INFO: [IP_Flow 19-1700] Loaded user IP repository 'c:/Users/20212024/Github/ethernet_receiver/fifo_buffer/ip_repo/fifo_AXIexampleIP_1_0'.
INFO: [IP_Flow 19-1700] Loaded user IP repository 'c:/Users/20212024/Github/ethernet_receiver/ip_repo/fifo_AXI_slavemaster_1_0'.
INFO: [IP_Flow 19-1700] Loaded user IP repository 'c:/Users/20212024/Github/ethernet_receiver/ip_repo/fifo_AXI_ip_1_0'.
INFO: [IP_Flow 19-795] Syncing license key meta-data
WARNING: [filemgmt 56-199] Attempt to get parsing info during refresh. "On-the-fly" syntax checking information may be incorrect. [c:\Users\20212024\Github\ethernet_receiver\fifo_buffer\ip_repo\fifo_AXIexampleIP_1_0\hdl\fifo_AXIexampleIP.v:]
WARNING: [filemgmt 56-199] Attempt to get parsing info during refresh. "On-the-fly" syntax checking information may be incorrect. [c:\Users\20212024\Github\ethernet_receiver\fifo_buffer\ip_repo\fifo_AXIexampleIP_1_0\hdl\fifo_AXIexampleIP_slave_lite_v1_0_S00_AXI.v:]
WARNING: [filemgmt 56-199] Attempt to get parsing info during refresh. "On-the-fly" syntax checking information may be incorrect. [c:\Users\20212024\Github\ethernet_receiver\fifo_buffer\ip_repo\fifo_AXIexampleIP_1_0\hdl\fifo_AXIexampleIP.v:]
WARNING: [filemgmt 56-199] Attempt to get parsing info during refresh. "On-the-fly" syntax checking information may be incorrect. [c:\Users\20212024\Github\ethernet_receiver\fifo_buffer\ip_repo\fifo_AXIexampleIP_1_0\hdl\fifo_AXIexampleIP.v:]
ERROR: [Common 17-180] Spawn failed: No error
update_compile_order -fileset sources_1
WARNING: [filemgmt 56-199] Attempt to get parsing info during refresh. "On-the-fly" syntax checking information may be incorrect. [c:\Users\20212024\Github\ethernet_receiver\fifo_buffer\ip_repo\fifo_AXIexampleIP_1_0\hdl\fifo_AXIexampleIP.v:]
WARNING: [filemgmt 56-199] Attempt to get parsing info during refresh. "On-the-fly" syntax checking information may be incorrect. [c:\Users\20212024\Github\ethernet_receiver\fifo_buffer\ip_repo\fifo_AXIexampleIP_1_0\hdl\fifo_AXIexampleIP_slave_lite_v1_0_S00_AXI.v:]
WARNING: [filemgmt 56-199] Attempt to get parsing info during refresh. "On-the-fly" syntax checking information may be incorrect. [c:\Users\20212024\Github\ethernet_receiver\fifo_buffer\ip_repo\fifo_AXIexampleIP_1_0\hdl\fifo_AXIexampleIP.v:]
WARNING: [filemgmt 56-199] Attempt to get parsing info during refresh. "On-the-fly" syntax checking information may be incorrect. [c:\Users\20212024\Github\ethernet_receiver\fifo_buffer\ip_repo\fifo_AXIexampleIP_1_0\hdl\fifo_AXIexampleIP.v:]
ERROR: [Common 17-180] Spawn failed: No error
current_project edit_fifo_AXIexampleIP_v1_0
close_project
current_project fifo_buffer
close_project
exit
INFO: [Common 17-206] Exiting Vivado at Thu May  1 16:50:03 2025...
