#-----------------------------------------------------------
# Vivado v2024.2 (64-bit)
# SW Build 5239630 on Fri Nov 08 22:35:27 MST 2024
# IP Build 5239520 on Sun Nov 10 16:12:51 MST 2024
# SharedData Build 5239561 on Fri Nov 08 14:39:27 MST 2024
# Start of session at: Wed Apr 16 13:58:11 2025
# Process ID         : 21204
# Current directory  : C:/Users/20212024/Github/ethernet_receiver/ip_repo
# Command line       : vivado.exe -gui_launcher_event rodinguilauncherevent17552 C:\Users\20212024\Github\ethernet_receiver\ip_repo\edit_fifo_AXI_ip_v1_0.xpr
# Log file           : C:/Users/20212024/Github/ethernet_receiver/ip_repo/vivado.log
# Journal file       : C:/Users/20212024/Github/ethernet_receiver/ip_repo\vivado.jou
# Running On         : s20212024
# Platform           : Windows Server 2016 or Windows 10
# Operating System   : 26100
# Processor Detail   : Intel(R) Core(TM) i7-10750H CPU @ 2.60GHz
# CPU Frequency      : 2592 MHz
# CPU Physical cores : 6
# CPU Logical cores  : 12
# Host memory        : 16919 MB
# Swap memory        : 11811 MB
# Total Virtual      : 28730 MB
# Available Virtual  : 16636 MB
#-----------------------------------------------------------
start_gui
INFO: [Common 17-1460] Use of init.tcl in C:/Users/20212024/AppData/Roaming/Xilinx/Vivado/init.tcl is deprecated. Please use Vivado_init.tcl 
Sourcing tcl script 'C:/Users/20212024/AppData/Roaming/Xilinx/Vivado/init.tcl'
open_project C:/Users/20212024/Github/ethernet_receiver/ip_repo/edit_fifo_AXI_ip_v1_0.xpr
INFO: [filemgmt 56-3] Default IP Output Path : Could not find the directory 'C:/Users/20212024/Github/ethernet_receiver/ip_repo/edit_fifo_AXI_ip_v1_0.gen/sources_1'.
Scanning sources...
Finished scanning sources
INFO: [IP_Flow 19-234] Refreshing IP repositories
INFO: [IP_Flow 19-1700] Loaded user IP repository 'c:/Users/20212024/Github/ethernet_receiver/ip_repo/fifo_AXI_ip_1_0'.
INFO: [IP_Flow 19-2313] Loaded Vivado IP repository 'C:/Xilinx/Vivado/2024.2/data/ip'.
update_compile_order -fileset sources_1
WARNING: [filemgmt 56-199] Attempt to get parsing info during refresh. "On-the-fly" syntax checking information may be incorrect. [C:\Users\20212024\Github\ethernet_receiver\ip_repo\fifo_AXI_ip_1_0\hdl\fifo_AXI_ip.v:]
WARNING: [filemgmt 56-199] Attempt to get parsing info during refresh. "On-the-fly" syntax checking information may be incorrect. [C:\Users\20212024\Github\ethernet_receiver\fifo_buffer\data_spitter\data_spitter.srcs\sources_1\new\spitter.v:]
WARNING: [filemgmt 56-199] Attempt to get parsing info during refresh. "On-the-fly" syntax checking information may be incorrect. [C:\Users\20212024\Github\ethernet_receiver\fifo_buffer\fifo_buffer\fifo_buffer.srcs\sources_1\new\fifo_buffer.v:]
WARNING: [filemgmt 56-199] Attempt to get parsing info during refresh. "On-the-fly" syntax checking information may be incorrect. [C:\Users\20212024\Github\ethernet_receiver\ip_repo\fifo_AXI_ip_1_0\hdl\fifo_AXI_ip_slave_lite_v1_0_S00_AXI.v:]
WARNING: [filemgmt 56-199] Attempt to get parsing info during refresh. "On-the-fly" syntax checking information may be incorrect. [C:\Users\20212024\Github\ethernet_receiver\ip_repo\fifo_AXI_ip_1_0\hdl\fifo_AXI_ip_slave_lite_v1_0_S00_AXI.v:]
WARNING: [filemgmt 56-199] Attempt to get parsing info during refresh. "On-the-fly" syntax checking information may be incorrect. [C:\Users\20212024\Github\ethernet_receiver\ip_repo\fifo_AXI_ip_1_0\hdl\fifo_AXI_ip_slave_lite_v1_0_S00_AXI.v:]
WARNING: [filemgmt 56-199] Attempt to get parsing info during refresh. "On-the-fly" syntax checking information may be incorrect. [C:\Users\20212024\Github\ethernet_receiver\ip_repo\fifo_AXI_ip_1_0\hdl\fifo_AXI_ip.v:]
WARNING: [filemgmt 56-199] Attempt to get parsing info during refresh. "On-the-fly" syntax checking information may be incorrect. [C:\Users\20212024\Github\ethernet_receiver\fifo_buffer\data_spitter\data_spitter.srcs\sources_1\new\spitter.v:]
WARNING: [filemgmt 56-199] Attempt to get parsing info during refresh. "On-the-fly" syntax checking information may be incorrect. [C:\Users\20212024\Github\ethernet_receiver\fifo_buffer\fifo_buffer\fifo_buffer.srcs\sources_1\new\fifo_buffer.v:]
WARNING: [filemgmt 56-199] Attempt to get parsing info during refresh. "On-the-fly" syntax checking information may be incorrect. [C:\Users\20212024\Github\ethernet_receiver\ip_repo\fifo_AXI_ip_1_0\hdl\fifo_AXI_ip_slave_lite_v1_0_S00_AXI.v:]
WARNING: [filemgmt 56-199] Attempt to get parsing info during refresh. "On-the-fly" syntax checking information may be incorrect. [C:\Users\20212024\Github\ethernet_receiver\fifo_buffer\fifo_buffer\fifo_buffer.srcs\sources_1\new\fifo_buffer.v:]
WARNING: [filemgmt 56-199] Attempt to get parsing info during refresh. "On-the-fly" syntax checking information may be incorrect. [C:\Users\20212024\Github\ethernet_receiver\fifo_buffer\fifo_buffer\fifo_buffer.srcs\sources_1\new\fifo_buffer.v:]
WARNING: [filemgmt 56-199] Attempt to get parsing info during refresh. "On-the-fly" syntax checking information may be incorrect. [C:\Users\20212024\Github\ethernet_receiver\ip_repo\fifo_AXI_ip_1_0\hdl\fifo_AXI_ip.v:]
WARNING: [filemgmt 56-199] Attempt to get parsing info during refresh. "On-the-fly" syntax checking information may be incorrect. [C:\Users\20212024\Github\ethernet_receiver\fifo_buffer\data_spitter\data_spitter.srcs\sources_1\new\spitter.v:]
WARNING: [filemgmt 56-199] Attempt to get parsing info during refresh. "On-the-fly" syntax checking information may be incorrect. [C:\Users\20212024\Github\ethernet_receiver\fifo_buffer\fifo_buffer\fifo_buffer.srcs\sources_1\new\fifo_buffer.v:]
WARNING: [filemgmt 56-199] Attempt to get parsing info during refresh. "On-the-fly" syntax checking information may be incorrect. [C:\Users\20212024\Github\ethernet_receiver\ip_repo\fifo_AXI_ip_1_0\hdl\fifo_AXI_ip_slave_lite_v1_0_S00_AXI.v:]
WARNING: [filemgmt 56-199] Attempt to get parsing info during refresh. "On-the-fly" syntax checking information may be incorrect. [C:\Users\20212024\Github\ethernet_receiver\fifo_buffer\data_spitter\data_spitter.srcs\sources_1\new\spitter.v:]
WARNING: [filemgmt 56-199] Attempt to get parsing info during refresh. "On-the-fly" syntax checking information may be incorrect. [C:\Users\20212024\Github\ethernet_receiver\fifo_buffer\data_spitter\data_spitter.srcs\sources_1\new\spitter.v:]
