#-----------------------------------------------------------
# Vivado v2024.2 (64-bit)
# SW Build 5239630 on Fri Nov 08 22:35:27 MST 2024
# IP Build 5239520 on Sun Nov 10 16:12:51 MST 2024
# SharedData Build 5239561 on Fri Nov 08 14:39:27 MST 2024
# Start of session at: Mon Apr 14 13:44:30 2025
# Process ID         : 6336
# Current directory  : C:/Users/20212024/Github/ethernet_receiver/ip_repo
# Command line       : vivado.exe -gui_launcher_event rodinguilauncherevent5532 C:\Users\20212024\Github\ethernet_receiver\ip_repo\edit_fifo_AXI_ip_v1_0.xpr
# Log file           : C:/Users/20212024/Github/ethernet_receiver/ip_repo/vivado.log
# Journal file       : C:/Users/20212024/Github/ethernet_receiver/ip_repo\vivado.jou
# Running On         : s20212024
# Platform           : Windows Server 2016 or Windows 10
# Operating System   : 26100
# Processor Detail   : Intel(R) Core(TM) i7-10750H CPU @ 2.60GHz
# CPU Frequency      : 2592 MHz
# CPU Physical cores : 6
# CPU Logical cores  : 12
# Host memory        : 16919 MB
# Swap memory        : 12348 MB
# Total Virtual      : 29267 MB
# Available Virtual  : 10982 MB
#-----------------------------------------------------------
start_gui
INFO: [Common 17-1460] Use of init.tcl in C:/Users/20212024/AppData/Roaming/Xilinx/Vivado/init.tcl is deprecated. Please use Vivado_init.tcl 
Sourcing tcl script 'C:/Users/20212024/AppData/Roaming/Xilinx/Vivado/init.tcl'
open_project C:/Users/20212024/Github/ethernet_receiver/ip_repo/edit_fifo_AXI_ip_v1_0.xpr
INFO: [filemgmt 56-3] Default IP Output Path : Could not find the directory 'C:/Users/20212024/Github/ethernet_receiver/ip_repo/edit_fifo_AXI_ip_v1_0.gen/sources_1'.
Scanning sources...
Finished scanning sources
INFO: [IP_Flow 19-234] Refreshing IP repositories
INFO: [IP_Flow 19-1700] Loaded user IP repository 'c:/Users/20212024/Github/ethernet_receiver/ip_repo/fifo_AXI_ip_1_0'.
INFO: [IP_Flow 19-2313] Loaded Vivado IP repository 'C:/Xilinx/Vivado/2024.2/data/ip'.
update_compile_order -fileset sources_1
WARNING: [filemgmt 56-199] Attempt to get parsing info during refresh. "On-the-fly" syntax checking information may be incorrect. [C:\Users\20212024\Github\ethernet_receiver\ip_repo\fifo_AXI_ip_1_0\hdl\fifo_AXI_ip.v:]
WARNING: [filemgmt 56-199] Attempt to get parsing info during refresh. "On-the-fly" syntax checking information may be incorrect. [C:\Users\20212024\Github\ethernet_receiver\fifo_buffer\data_spitter\data_spitter.srcs\sources_1\new\spitter.v:]
WARNING: [filemgmt 56-199] Attempt to get parsing info during refresh. "On-the-fly" syntax checking information may be incorrect. [C:\Users\20212024\Github\ethernet_receiver\fifo_buffer\fifo_buffer\fifo_buffer.srcs\sources_1\new\fifo_buffer.v:]
WARNING: [filemgmt 56-199] Attempt to get parsing info during refresh. "On-the-fly" syntax checking information may be incorrect. [C:\Users\20212024\Github\ethernet_receiver\ip_repo\fifo_AXI_ip_1_0\hdl\fifo_AXI_ip_slave_lite_v1_0_S00_AXI.v:]
WARNING: [filemgmt 56-199] Attempt to get parsing info during refresh. "On-the-fly" syntax checking information may be incorrect. [C:\Users\20212024\Github\ethernet_receiver\ip_repo\fifo_AXI_ip_1_0\hdl\fifo_AXI_ip_slave_lite_v1_0_S00_AXI.v:]
WARNING: [filemgmt 56-199] Attempt to get parsing info during refresh. "On-the-fly" syntax checking information may be incorrect. [C:\Users\20212024\Github\ethernet_receiver\ip_repo\fifo_AXI_ip_1_0\hdl\fifo_AXI_ip_slave_lite_v1_0_S00_AXI.v:]
WARNING: [filemgmt 56-199] Attempt to get parsing info during refresh. "On-the-fly" syntax checking information may be incorrect. [C:\Users\20212024\Github\ethernet_receiver\ip_repo\fifo_AXI_ip_1_0\hdl\fifo_AXI_ip.v:]
WARNING: [filemgmt 56-199] Attempt to get parsing info during refresh. "On-the-fly" syntax checking information may be incorrect. [C:\Users\20212024\Github\ethernet_receiver\fifo_buffer\data_spitter\data_spitter.srcs\sources_1\new\spitter.v:]
WARNING: [filemgmt 56-199] Attempt to get parsing info during refresh. "On-the-fly" syntax checking information may be incorrect. [C:\Users\20212024\Github\ethernet_receiver\fifo_buffer\fifo_buffer\fifo_buffer.srcs\sources_1\new\fifo_buffer.v:]
WARNING: [filemgmt 56-199] Attempt to get parsing info during refresh. "On-the-fly" syntax checking information may be incorrect. [C:\Users\20212024\Github\ethernet_receiver\ip_repo\fifo_AXI_ip_1_0\hdl\fifo_AXI_ip_slave_lite_v1_0_S00_AXI.v:]
WARNING: [filemgmt 56-199] Attempt to get parsing info during refresh. "On-the-fly" syntax checking information may be incorrect. [C:\Users\20212024\Github\ethernet_receiver\fifo_buffer\fifo_buffer\fifo_buffer.srcs\sources_1\new\fifo_buffer.v:]
WARNING: [filemgmt 56-199] Attempt to get parsing info during refresh. "On-the-fly" syntax checking information may be incorrect. [C:\Users\20212024\Github\ethernet_receiver\fifo_buffer\fifo_buffer\fifo_buffer.srcs\sources_1\new\fifo_buffer.v:]
WARNING: [filemgmt 56-199] Attempt to get parsing info during refresh. "On-the-fly" syntax checking information may be incorrect. [C:\Users\20212024\Github\ethernet_receiver\ip_repo\fifo_AXI_ip_1_0\hdl\fifo_AXI_ip.v:]
WARNING: [filemgmt 56-199] Attempt to get parsing info during refresh. "On-the-fly" syntax checking information may be incorrect. [C:\Users\20212024\Github\ethernet_receiver\fifo_buffer\data_spitter\data_spitter.srcs\sources_1\new\spitter.v:]
WARNING: [filemgmt 56-199] Attempt to get parsing info during refresh. "On-the-fly" syntax checking information may be incorrect. [C:\Users\20212024\Github\ethernet_receiver\fifo_buffer\fifo_buffer\fifo_buffer.srcs\sources_1\new\fifo_buffer.v:]
WARNING: [filemgmt 56-199] Attempt to get parsing info during refresh. "On-the-fly" syntax checking information may be incorrect. [C:\Users\20212024\Github\ethernet_receiver\ip_repo\fifo_AXI_ip_1_0\hdl\fifo_AXI_ip_slave_lite_v1_0_S00_AXI.v:]
WARNING: [filemgmt 56-199] Attempt to get parsing info during refresh. "On-the-fly" syntax checking information may be incorrect. [C:\Users\20212024\Github\ethernet_receiver\fifo_buffer\data_spitter\data_spitter.srcs\sources_1\new\spitter.v:]
WARNING: [filemgmt 56-199] Attempt to get parsing info during refresh. "On-the-fly" syntax checking information may be incorrect. [C:\Users\20212024\Github\ethernet_receiver\fifo_buffer\data_spitter\data_spitter.srcs\sources_1\new\spitter.v:]
ERROR: [Common 17-180] Spawn failed: No error
WARNING: [filemgmt 56-199] Attempt to get parsing info during refresh. "On-the-fly" syntax checking information may be incorrect. [C:\Users\20212024\Github\ethernet_receiver\ip_repo\fifo_AXI_ip_1_0\hdl\fifo_AXI_ip.v:]
WARNING: [filemgmt 56-199] Attempt to get parsing info during refresh. "On-the-fly" syntax checking information may be incorrect. [C:\Users\20212024\Github\ethernet_receiver\fifo_buffer\data_spitter\data_spitter.srcs\sources_1\new\spitter.v:]
WARNING: [filemgmt 56-199] Attempt to get parsing info during refresh. "On-the-fly" syntax checking information may be incorrect. [C:\Users\20212024\Github\ethernet_receiver\fifo_buffer\fifo_buffer\fifo_buffer.srcs\sources_1\new\fifo_buffer.v:]
WARNING: [filemgmt 56-199] Attempt to get parsing info during refresh. "On-the-fly" syntax checking information may be incorrect. [C:\Users\20212024\Github\ethernet_receiver\ip_repo\fifo_AXI_ip_1_0\hdl\fifo_AXI_ip_slave_lite_v1_0_S00_AXI.v:]
WARNING: [filemgmt 56-199] Attempt to get parsing info during refresh. "On-the-fly" syntax checking information may be incorrect. [C:\Users\20212024\Github\ethernet_receiver\ip_repo\fifo_AXI_ip_1_0\hdl\fifo_AXI_ip_slave_lite_v1_0_S00_AXI.v:]
WARNING: [filemgmt 56-199] Attempt to get parsing info during refresh. "On-the-fly" syntax checking information may be incorrect. [C:\Users\20212024\Github\ethernet_receiver\ip_repo\fifo_AXI_ip_1_0\hdl\fifo_AXI_ip_slave_lite_v1_0_S00_AXI.v:]
WARNING: [filemgmt 56-199] Attempt to get parsing info during refresh. "On-the-fly" syntax checking information may be incorrect. [C:\Users\20212024\Github\ethernet_receiver\ip_repo\fifo_AXI_ip_1_0\hdl\fifo_AXI_ip.v:]
WARNING: [filemgmt 56-199] Attempt to get parsing info during refresh. "On-the-fly" syntax checking information may be incorrect. [C:\Users\20212024\Github\ethernet_receiver\fifo_buffer\data_spitter\data_spitter.srcs\sources_1\new\spitter.v:]
WARNING: [filemgmt 56-199] Attempt to get parsing info during refresh. "On-the-fly" syntax checking information may be incorrect. [C:\Users\20212024\Github\ethernet_receiver\fifo_buffer\fifo_buffer\fifo_buffer.srcs\sources_1\new\fifo_buffer.v:]
WARNING: [filemgmt 56-199] Attempt to get parsing info during refresh. "On-the-fly" syntax checking information may be incorrect. [C:\Users\20212024\Github\ethernet_receiver\ip_repo\fifo_AXI_ip_1_0\hdl\fifo_AXI_ip_slave_lite_v1_0_S00_AXI.v:]
WARNING: [filemgmt 56-199] Attempt to get parsing info during refresh. "On-the-fly" syntax checking information may be incorrect. [C:\Users\20212024\Github\ethernet_receiver\fifo_buffer\fifo_buffer\fifo_buffer.srcs\sources_1\new\fifo_buffer.v:]
WARNING: [filemgmt 56-199] Attempt to get parsing info during refresh. "On-the-fly" syntax checking information may be incorrect. [C:\Users\20212024\Github\ethernet_receiver\fifo_buffer\fifo_buffer\fifo_buffer.srcs\sources_1\new\fifo_buffer.v:]
WARNING: [filemgmt 56-199] Attempt to get parsing info during refresh. "On-the-fly" syntax checking information may be incorrect. [C:\Users\20212024\Github\ethernet_receiver\ip_repo\fifo_AXI_ip_1_0\hdl\fifo_AXI_ip.v:]
WARNING: [filemgmt 56-199] Attempt to get parsing info during refresh. "On-the-fly" syntax checking information may be incorrect. [C:\Users\20212024\Github\ethernet_receiver\fifo_buffer\data_spitter\data_spitter.srcs\sources_1\new\spitter.v:]
WARNING: [filemgmt 56-199] Attempt to get parsing info during refresh. "On-the-fly" syntax checking information may be incorrect. [C:\Users\20212024\Github\ethernet_receiver\fifo_buffer\fifo_buffer\fifo_buffer.srcs\sources_1\new\fifo_buffer.v:]
WARNING: [filemgmt 56-199] Attempt to get parsing info during refresh. "On-the-fly" syntax checking information may be incorrect. [C:\Users\20212024\Github\ethernet_receiver\ip_repo\fifo_AXI_ip_1_0\hdl\fifo_AXI_ip_slave_lite_v1_0_S00_AXI.v:]
WARNING: [filemgmt 56-199] Attempt to get parsing info during refresh. "On-the-fly" syntax checking information may be incorrect. [C:\Users\20212024\Github\ethernet_receiver\fifo_buffer\data_spitter\data_spitter.srcs\sources_1\new\spitter.v:]
WARNING: [filemgmt 56-199] Attempt to get parsing info during refresh. "On-the-fly" syntax checking information may be incorrect. [C:\Users\20212024\Github\ethernet_receiver\fifo_buffer\data_spitter\data_spitter.srcs\sources_1\new\spitter.v:]
ERROR: [Common 17-180] Spawn failed: No error
WARNING: [filemgmt 56-199] Attempt to get parsing info during refresh. "On-the-fly" syntax checking information may be incorrect. [C:\Users\20212024\Github\ethernet_receiver\ip_repo\fifo_AXI_ip_1_0\hdl\fifo_AXI_ip.v:]
WARNING: [filemgmt 56-199] Attempt to get parsing info during refresh. "On-the-fly" syntax checking information may be incorrect. [C:\Users\20212024\Github\ethernet_receiver\fifo_buffer\data_spitter\data_spitter.srcs\sources_1\new\spitter.v:]
WARNING: [filemgmt 56-199] Attempt to get parsing info during refresh. "On-the-fly" syntax checking information may be incorrect. [C:\Users\20212024\Github\ethernet_receiver\fifo_buffer\fifo_buffer\fifo_buffer.srcs\sources_1\new\fifo_buffer.v:]
WARNING: [filemgmt 56-199] Attempt to get parsing info during refresh. "On-the-fly" syntax checking information may be incorrect. [C:\Users\20212024\Github\ethernet_receiver\ip_repo\fifo_AXI_ip_1_0\hdl\fifo_AXI_ip_slave_lite_v1_0_S00_AXI.v:]
WARNING: [filemgmt 56-199] Attempt to get parsing info during refresh. "On-the-fly" syntax checking information may be incorrect. [C:\Users\20212024\Github\ethernet_receiver\ip_repo\fifo_AXI_ip_1_0\hdl\fifo_AXI_ip_slave_lite_v1_0_S00_AXI.v:]
WARNING: [filemgmt 56-199] Attempt to get parsing info during refresh. "On-the-fly" syntax checking information may be incorrect. [C:\Users\20212024\Github\ethernet_receiver\ip_repo\fifo_AXI_ip_1_0\hdl\fifo_AXI_ip_slave_lite_v1_0_S00_AXI.v:]
WARNING: [filemgmt 56-199] Attempt to get parsing info during refresh. "On-the-fly" syntax checking information may be incorrect. [C:\Users\20212024\Github\ethernet_receiver\ip_repo\fifo_AXI_ip_1_0\hdl\fifo_AXI_ip.v:]
WARNING: [filemgmt 56-199] Attempt to get parsing info during refresh. "On-the-fly" syntax checking information may be incorrect. [C:\Users\20212024\Github\ethernet_receiver\fifo_buffer\data_spitter\data_spitter.srcs\sources_1\new\spitter.v:]
WARNING: [filemgmt 56-199] Attempt to get parsing info during refresh. "On-the-fly" syntax checking information may be incorrect. [C:\Users\20212024\Github\ethernet_receiver\fifo_buffer\fifo_buffer\fifo_buffer.srcs\sources_1\new\fifo_buffer.v:]
WARNING: [filemgmt 56-199] Attempt to get parsing info during refresh. "On-the-fly" syntax checking information may be incorrect. [C:\Users\20212024\Github\ethernet_receiver\ip_repo\fifo_AXI_ip_1_0\hdl\fifo_AXI_ip_slave_lite_v1_0_S00_AXI.v:]
WARNING: [filemgmt 56-199] Attempt to get parsing info during refresh. "On-the-fly" syntax checking information may be incorrect. [C:\Users\20212024\Github\ethernet_receiver\fifo_buffer\fifo_buffer\fifo_buffer.srcs\sources_1\new\fifo_buffer.v:]
WARNING: [filemgmt 56-199] Attempt to get parsing info during refresh. "On-the-fly" syntax checking information may be incorrect. [C:\Users\20212024\Github\ethernet_receiver\fifo_buffer\fifo_buffer\fifo_buffer.srcs\sources_1\new\fifo_buffer.v:]
WARNING: [filemgmt 56-199] Attempt to get parsing info during refresh. "On-the-fly" syntax checking information may be incorrect. [C:\Users\20212024\Github\ethernet_receiver\ip_repo\fifo_AXI_ip_1_0\hdl\fifo_AXI_ip.v:]
WARNING: [filemgmt 56-199] Attempt to get parsing info during refresh. "On-the-fly" syntax checking information may be incorrect. [C:\Users\20212024\Github\ethernet_receiver\fifo_buffer\data_spitter\data_spitter.srcs\sources_1\new\spitter.v:]
WARNING: [filemgmt 56-199] Attempt to get parsing info during refresh. "On-the-fly" syntax checking information may be incorrect. [C:\Users\20212024\Github\ethernet_receiver\fifo_buffer\fifo_buffer\fifo_buffer.srcs\sources_1\new\fifo_buffer.v:]
WARNING: [filemgmt 56-199] Attempt to get parsing info during refresh. "On-the-fly" syntax checking information may be incorrect. [C:\Users\20212024\Github\ethernet_receiver\ip_repo\fifo_AXI_ip_1_0\hdl\fifo_AXI_ip_slave_lite_v1_0_S00_AXI.v:]
WARNING: [filemgmt 56-199] Attempt to get parsing info during refresh. "On-the-fly" syntax checking information may be incorrect. [C:\Users\20212024\Github\ethernet_receiver\fifo_buffer\data_spitter\data_spitter.srcs\sources_1\new\spitter.v:]
WARNING: [filemgmt 56-199] Attempt to get parsing info during refresh. "On-the-fly" syntax checking information may be incorrect. [C:\Users\20212024\Github\ethernet_receiver\fifo_buffer\data_spitter\data_spitter.srcs\sources_1\new\spitter.v:]
ERROR: [Common 17-180] Spawn failed: No error
ipx::open_ipxact_file C:/Users/20212024/Github/ethernet_receiver/ip_repo/fifo_AXI_ip_1_0/component.xml
ipx::merge_project_changes hdl_parameters [ipx::current_core]
INFO: [IP_Flow 19-3166] Bus Interface 'S00_AXI': References existing memory map 'S00_AXI'.
set_property core_revision 20 [ipx::current_core]
ipx::create_xgui_files [ipx::current_core]
ipx::update_checksums [ipx::current_core]
ipx::check_integrity [ipx::current_core]
WARNING: [IP_Flow 19-11889] HDL Parameter 'C_S00_AXI_DATA_WIDTH (C S00 AXI DATA WIDTH)': Order is obsolete with XGUI version >= 2.0
WARNING: [IP_Flow 19-11889] HDL Parameter 'C_S00_AXI_ADDR_WIDTH (C S00 AXI ADDR WIDTH)': Order is obsolete with XGUI version >= 2.0
WARNING: [IP_Flow 19-5905] All packaged files should be located below the IP definition file (xml)
WARNING: [IP_Flow 19-5905] All packaged files should be located below the IP definition file (xml)
WARNING: [IP_Flow 19-5905] All packaged files should be located below the IP definition file (xml)
WARNING: [IP_Flow 19-5905] All packaged files should be located below the IP definition file (xml)
WARNING: [IP_Flow 19-11770] Clock interface 'S00_AXI_CLK' has no FREQ_HZ parameter.
INFO: [IP_Flow 19-2181] Payment is not required for this core.
WARNING: [IP_Flow 19-2187] The Product Guide file is missing.
INFO: [Ipptcl 7-1486] check_integrity: Integrity check passed.
ipx::save_core [ipx::current_core]
update_ip_catalog -rebuild -repo_path c:/Users/20212024/Github/ethernet_receiver/ip_repo/fifo_AXI_ip_1_0
INFO: [IP_Flow 19-725] Reloaded user IP repository 'c:/Users/20212024/Github/ethernet_receiver/ip_repo/fifo_AXI_ip_1_0'
WARNING: [filemgmt 56-199] Attempt to get parsing info during refresh. "On-the-fly" syntax checking information may be incorrect. [C:\Users\20212024\Github\ethernet_receiver\ip_repo\fifo_AXI_ip_1_0\hdl\fifo_AXI_ip.v:]
WARNING: [filemgmt 56-199] Attempt to get parsing info during refresh. "On-the-fly" syntax checking information may be incorrect. [C:\Users\20212024\Github\ethernet_receiver\fifo_buffer\data_spitter\data_spitter.srcs\sources_1\new\spitter.v:]
WARNING: [filemgmt 56-199] Attempt to get parsing info during refresh. "On-the-fly" syntax checking information may be incorrect. [C:\Users\20212024\Github\ethernet_receiver\fifo_buffer\fifo_buffer\fifo_buffer.srcs\sources_1\new\fifo_buffer.v:]
WARNING: [filemgmt 56-199] Attempt to get parsing info during refresh. "On-the-fly" syntax checking information may be incorrect. [C:\Users\20212024\Github\ethernet_receiver\ip_repo\fifo_AXI_ip_1_0\hdl\fifo_AXI_ip_slave_lite_v1_0_S00_AXI.v:]
WARNING: [filemgmt 56-199] Attempt to get parsing info during refresh. "On-the-fly" syntax checking information may be incorrect. [C:\Users\20212024\Github\ethernet_receiver\ip_repo\fifo_AXI_ip_1_0\hdl\fifo_AXI_ip_slave_lite_v1_0_S00_AXI.v:]
WARNING: [filemgmt 56-199] Attempt to get parsing info during refresh. "On-the-fly" syntax checking information may be incorrect. [C:\Users\20212024\Github\ethernet_receiver\ip_repo\fifo_AXI_ip_1_0\hdl\fifo_AXI_ip_slave_lite_v1_0_S00_AXI.v:]
WARNING: [filemgmt 56-199] Attempt to get parsing info during refresh. "On-the-fly" syntax checking information may be incorrect. [C:\Users\20212024\Github\ethernet_receiver\ip_repo\fifo_AXI_ip_1_0\hdl\fifo_AXI_ip.v:]
WARNING: [filemgmt 56-199] Attempt to get parsing info during refresh. "On-the-fly" syntax checking information may be incorrect. [C:\Users\20212024\Github\ethernet_receiver\fifo_buffer\data_spitter\data_spitter.srcs\sources_1\new\spitter.v:]
WARNING: [filemgmt 56-199] Attempt to get parsing info during refresh. "On-the-fly" syntax checking information may be incorrect. [C:\Users\20212024\Github\ethernet_receiver\fifo_buffer\fifo_buffer\fifo_buffer.srcs\sources_1\new\fifo_buffer.v:]
WARNING: [filemgmt 56-199] Attempt to get parsing info during refresh. "On-the-fly" syntax checking information may be incorrect. [C:\Users\20212024\Github\ethernet_receiver\ip_repo\fifo_AXI_ip_1_0\hdl\fifo_AXI_ip_slave_lite_v1_0_S00_AXI.v:]
WARNING: [filemgmt 56-199] Attempt to get parsing info during refresh. "On-the-fly" syntax checking information may be incorrect. [C:\Users\20212024\Github\ethernet_receiver\fifo_buffer\data_spitter\data_spitter.srcs\sources_1\new\spitter.v:]
WARNING: [filemgmt 56-199] Attempt to get parsing info during refresh. "On-the-fly" syntax checking information may be incorrect. [C:\Users\20212024\Github\ethernet_receiver\fifo_buffer\data_spitter\data_spitter.srcs\sources_1\new\spitter.v:]
ERROR: [Common 17-180] Spawn failed: No error
WARNING: [filemgmt 56-199] Attempt to get parsing info during refresh. "On-the-fly" syntax checking information may be incorrect. [C:\Users\20212024\Github\ethernet_receiver\ip_repo\fifo_AXI_ip_1_0\hdl\fifo_AXI_ip.v:]
WARNING: [filemgmt 56-199] Attempt to get parsing info during refresh. "On-the-fly" syntax checking information may be incorrect. [C:\Users\20212024\Github\ethernet_receiver\fifo_buffer\data_spitter\data_spitter.srcs\sources_1\new\spitter.v:]
WARNING: [filemgmt 56-199] Attempt to get parsing info during refresh. "On-the-fly" syntax checking information may be incorrect. [C:\Users\20212024\Github\ethernet_receiver\fifo_buffer\fifo_buffer\fifo_buffer.srcs\sources_1\new\fifo_buffer.v:]
WARNING: [filemgmt 56-199] Attempt to get parsing info during refresh. "On-the-fly" syntax checking information may be incorrect. [C:\Users\20212024\Github\ethernet_receiver\ip_repo\fifo_AXI_ip_1_0\hdl\fifo_AXI_ip_slave_lite_v1_0_S00_AXI.v:]
WARNING: [filemgmt 56-199] Attempt to get parsing info during refresh. "On-the-fly" syntax checking information may be incorrect. [C:\Users\20212024\Github\ethernet_receiver\fifo_buffer\fifo_buffer\fifo_buffer.srcs\sources_1\new\fifo_buffer.v:]
WARNING: [filemgmt 56-199] Attempt to get parsing info during refresh. "On-the-fly" syntax checking information may be incorrect. [C:\Users\20212024\Github\ethernet_receiver\fifo_buffer\fifo_buffer\fifo_buffer.srcs\sources_1\new\fifo_buffer.v:]
ERROR: [Common 17-180] Spawn failed: No error
WARNING: [filemgmt 56-199] Attempt to get parsing info during refresh. "On-the-fly" syntax checking information may be incorrect. [C:\Users\20212024\Github\ethernet_receiver\ip_repo\fifo_AXI_ip_1_0\hdl\fifo_AXI_ip.v:]
WARNING: [filemgmt 56-199] Attempt to get parsing info during refresh. "On-the-fly" syntax checking information may be incorrect. [C:\Users\20212024\Github\ethernet_receiver\fifo_buffer\data_spitter\data_spitter.srcs\sources_1\new\spitter.v:]
WARNING: [filemgmt 56-199] Attempt to get parsing info during refresh. "On-the-fly" syntax checking information may be incorrect. [C:\Users\20212024\Github\ethernet_receiver\fifo_buffer\fifo_buffer\fifo_buffer.srcs\sources_1\new\fifo_buffer.v:]
WARNING: [filemgmt 56-199] Attempt to get parsing info during refresh. "On-the-fly" syntax checking information may be incorrect. [C:\Users\20212024\Github\ethernet_receiver\ip_repo\fifo_AXI_ip_1_0\hdl\fifo_AXI_ip_slave_lite_v1_0_S00_AXI.v:]
WARNING: [filemgmt 56-199] Attempt to get parsing info during refresh. "On-the-fly" syntax checking information may be incorrect. [C:\Users\20212024\Github\ethernet_receiver\ip_repo\fifo_AXI_ip_1_0\hdl\fifo_AXI_ip_slave_lite_v1_0_S00_AXI.v:]
WARNING: [filemgmt 56-199] Attempt to get parsing info during refresh. "On-the-fly" syntax checking information may be incorrect. [C:\Users\20212024\Github\ethernet_receiver\ip_repo\fifo_AXI_ip_1_0\hdl\fifo_AXI_ip_slave_lite_v1_0_S00_AXI.v:]
WARNING: [filemgmt 56-199] Attempt to get parsing info during refresh. "On-the-fly" syntax checking information may be incorrect. [C:\Users\20212024\Github\ethernet_receiver\ip_repo\fifo_AXI_ip_1_0\hdl\fifo_AXI_ip.v:]
WARNING: [filemgmt 56-199] Attempt to get parsing info during refresh. "On-the-fly" syntax checking information may be incorrect. [C:\Users\20212024\Github\ethernet_receiver\fifo_buffer\data_spitter\data_spitter.srcs\sources_1\new\spitter.v:]
WARNING: [filemgmt 56-199] Attempt to get parsing info during refresh. "On-the-fly" syntax checking information may be incorrect. [C:\Users\20212024\Github\ethernet_receiver\fifo_buffer\fifo_buffer\fifo_buffer.srcs\sources_1\new\fifo_buffer.v:]
WARNING: [filemgmt 56-199] Attempt to get parsing info during refresh. "On-the-fly" syntax checking information may be incorrect. [C:\Users\20212024\Github\ethernet_receiver\ip_repo\fifo_AXI_ip_1_0\hdl\fifo_AXI_ip_slave_lite_v1_0_S00_AXI.v:]
WARNING: [filemgmt 56-199] Attempt to get parsing info during refresh. "On-the-fly" syntax checking information may be incorrect. [C:\Users\20212024\Github\ethernet_receiver\fifo_buffer\data_spitter\data_spitter.srcs\sources_1\new\spitter.v:]
WARNING: [filemgmt 56-199] Attempt to get parsing info during refresh. "On-the-fly" syntax checking information may be incorrect. [C:\Users\20212024\Github\ethernet_receiver\fifo_buffer\data_spitter\data_spitter.srcs\sources_1\new\spitter.v:]
ERROR: [Common 17-180] Spawn failed: No error
WARNING: [filemgmt 56-199] Attempt to get parsing info during refresh. "On-the-fly" syntax checking information may be incorrect. [C:\Users\20212024\Github\ethernet_receiver\ip_repo\fifo_AXI_ip_1_0\hdl\fifo_AXI_ip.v:]
WARNING: [filemgmt 56-199] Attempt to get parsing info during refresh. "On-the-fly" syntax checking information may be incorrect. [C:\Users\20212024\Github\ethernet_receiver\fifo_buffer\data_spitter\data_spitter.srcs\sources_1\new\spitter.v:]
WARNING: [filemgmt 56-199] Attempt to get parsing info during refresh. "On-the-fly" syntax checking information may be incorrect. [C:\Users\20212024\Github\ethernet_receiver\fifo_buffer\fifo_buffer\fifo_buffer.srcs\sources_1\new\fifo_buffer.v:]
WARNING: [filemgmt 56-199] Attempt to get parsing info during refresh. "On-the-fly" syntax checking information may be incorrect. [C:\Users\20212024\Github\ethernet_receiver\ip_repo\fifo_AXI_ip_1_0\hdl\fifo_AXI_ip_slave_lite_v1_0_S00_AXI.v:]
WARNING: [filemgmt 56-199] Attempt to get parsing info during refresh. "On-the-fly" syntax checking information may be incorrect. [C:\Users\20212024\Github\ethernet_receiver\ip_repo\fifo_AXI_ip_1_0\hdl\fifo_AXI_ip.v:]
WARNING: [filemgmt 56-199] Attempt to get parsing info during refresh. "On-the-fly" syntax checking information may be incorrect. [C:\Users\20212024\Github\ethernet_receiver\ip_repo\fifo_AXI_ip_1_0\hdl\fifo_AXI_ip.v:]
ERROR: [Common 17-180] Spawn failed: No error
ipx::merge_project_changes files [ipx::current_core]
set_property core_revision 21 [ipx::current_core]
ipx::create_xgui_files [ipx::current_core]
ipx::update_checksums [ipx::current_core]
ipx::check_integrity [ipx::current_core]
WARNING: [IP_Flow 19-11889] HDL Parameter 'C_S00_AXI_DATA_WIDTH (C S00 AXI DATA WIDTH)': Order is obsolete with XGUI version >= 2.0
WARNING: [IP_Flow 19-11889] HDL Parameter 'C_S00_AXI_ADDR_WIDTH (C S00 AXI ADDR WIDTH)': Order is obsolete with XGUI version >= 2.0
WARNING: [IP_Flow 19-5905] All packaged files should be located below the IP definition file (xml)
WARNING: [IP_Flow 19-5905] All packaged files should be located below the IP definition file (xml)
WARNING: [IP_Flow 19-5905] All packaged files should be located below the IP definition file (xml)
WARNING: [IP_Flow 19-5905] All packaged files should be located below the IP definition file (xml)
WARNING: [IP_Flow 19-11770] Clock interface 'S00_AXI_CLK' has no FREQ_HZ parameter.
INFO: [IP_Flow 19-2181] Payment is not required for this core.
WARNING: [IP_Flow 19-2187] The Product Guide file is missing.
INFO: [Ipptcl 7-1486] check_integrity: Integrity check passed.
ipx::save_core [ipx::current_core]
update_ip_catalog -rebuild -repo_path c:/Users/20212024/Github/ethernet_receiver/ip_repo/fifo_AXI_ip_1_0
INFO: [IP_Flow 19-725] Reloaded user IP repository 'c:/Users/20212024/Github/ethernet_receiver/ip_repo/fifo_AXI_ip_1_0'
WARNING: [filemgmt 56-199] Attempt to get parsing info during refresh. "On-the-fly" syntax checking information may be incorrect. [C:\Users\20212024\Github\ethernet_receiver\ip_repo\fifo_AXI_ip_1_0\hdl\fifo_AXI_ip.v:]
WARNING: [filemgmt 56-199] Attempt to get parsing info during refresh. "On-the-fly" syntax checking information may be incorrect. [C:\Users\20212024\Github\ethernet_receiver\fifo_buffer\data_spitter\data_spitter.srcs\sources_1\new\spitter.v:]
WARNING: [filemgmt 56-199] Attempt to get parsing info during refresh. "On-the-fly" syntax checking information may be incorrect. [C:\Users\20212024\Github\ethernet_receiver\fifo_buffer\fifo_buffer\fifo_buffer.srcs\sources_1\new\fifo_buffer.v:]
WARNING: [filemgmt 56-199] Attempt to get parsing info during refresh. "On-the-fly" syntax checking information may be incorrect. [C:\Users\20212024\Github\ethernet_receiver\ip_repo\fifo_AXI_ip_1_0\hdl\fifo_AXI_ip_slave_lite_v1_0_S00_AXI.v:]
WARNING: [filemgmt 56-199] Attempt to get parsing info during refresh. "On-the-fly" syntax checking information may be incorrect. [C:\Users\20212024\Github\ethernet_receiver\ip_repo\fifo_AXI_ip_1_0\hdl\fifo_AXI_ip_slave_lite_v1_0_S00_AXI.v:]
WARNING: [filemgmt 56-199] Attempt to get parsing info during refresh. "On-the-fly" syntax checking information may be incorrect. [C:\Users\20212024\Github\ethernet_receiver\ip_repo\fifo_AXI_ip_1_0\hdl\fifo_AXI_ip_slave_lite_v1_0_S00_AXI.v:]
WARNING: [filemgmt 56-199] Attempt to get parsing info during refresh. "On-the-fly" syntax checking information may be incorrect. [C:\Users\20212024\Github\ethernet_receiver\ip_repo\fifo_AXI_ip_1_0\hdl\fifo_AXI_ip.v:]
WARNING: [filemgmt 56-199] Attempt to get parsing info during refresh. "On-the-fly" syntax checking information may be incorrect. [C:\Users\20212024\Github\ethernet_receiver\fifo_buffer\data_spitter\data_spitter.srcs\sources_1\new\spitter.v:]
WARNING: [filemgmt 56-199] Attempt to get parsing info during refresh. "On-the-fly" syntax checking information may be incorrect. [C:\Users\20212024\Github\ethernet_receiver\fifo_buffer\fifo_buffer\fifo_buffer.srcs\sources_1\new\fifo_buffer.v:]
WARNING: [filemgmt 56-199] Attempt to get parsing info during refresh. "On-the-fly" syntax checking information may be incorrect. [C:\Users\20212024\Github\ethernet_receiver\ip_repo\fifo_AXI_ip_1_0\hdl\fifo_AXI_ip_slave_lite_v1_0_S00_AXI.v:]
WARNING: [filemgmt 56-199] Attempt to get parsing info during refresh. "On-the-fly" syntax checking information may be incorrect. [C:\Users\20212024\Github\ethernet_receiver\fifo_buffer\data_spitter\data_spitter.srcs\sources_1\new\spitter.v:]
WARNING: [filemgmt 56-199] Attempt to get parsing info during refresh. "On-the-fly" syntax checking information may be incorrect. [C:\Users\20212024\Github\ethernet_receiver\fifo_buffer\data_spitter\data_spitter.srcs\sources_1\new\spitter.v:]
ERROR: [Common 17-180] Spawn failed: No error
ERROR: [Common 17-180] Spawn failed: No error
WARNING: [filemgmt 56-199] Attempt to get parsing info during refresh. "On-the-fly" syntax checking information may be incorrect. [C:\Users\20212024\Github\ethernet_receiver\ip_repo\fifo_AXI_ip_1_0\hdl\fifo_AXI_ip.v:]
WARNING: [filemgmt 56-199] Attempt to get parsing info during refresh. "On-the-fly" syntax checking information may be incorrect. [C:\Users\20212024\Github\ethernet_receiver\fifo_buffer\data_spitter\data_spitter.srcs\sources_1\new\spitter.v:]
WARNING: [filemgmt 56-199] Attempt to get parsing info during refresh. "On-the-fly" syntax checking information may be incorrect. [C:\Users\20212024\Github\ethernet_receiver\fifo_buffer\fifo_buffer\fifo_buffer.srcs\sources_1\new\fifo_buffer.v:]
WARNING: [filemgmt 56-199] Attempt to get parsing info during refresh. "On-the-fly" syntax checking information may be incorrect. [C:\Users\20212024\Github\ethernet_receiver\ip_repo\fifo_AXI_ip_1_0\hdl\fifo_AXI_ip_slave_lite_v1_0_S00_AXI.v:]
WARNING: [filemgmt 56-199] Attempt to get parsing info during refresh. "On-the-fly" syntax checking information may be incorrect. [C:\Users\20212024\Github\ethernet_receiver\ip_repo\fifo_AXI_ip_1_0\hdl\fifo_AXI_ip_slave_lite_v1_0_S00_AXI.v:]
WARNING: [filemgmt 56-199] Attempt to get parsing info during refresh. "On-the-fly" syntax checking information may be incorrect. [C:\Users\20212024\Github\ethernet_receiver\ip_repo\fifo_AXI_ip_1_0\hdl\fifo_AXI_ip_slave_lite_v1_0_S00_AXI.v:]
WARNING: [filemgmt 56-199] Attempt to get parsing info during refresh. "On-the-fly" syntax checking information may be incorrect. [C:\Users\20212024\Github\ethernet_receiver\ip_repo\fifo_AXI_ip_1_0\hdl\fifo_AXI_ip.v:]
WARNING: [filemgmt 56-199] Attempt to get parsing info during refresh. "On-the-fly" syntax checking information may be incorrect. [C:\Users\20212024\Github\ethernet_receiver\fifo_buffer\data_spitter\data_spitter.srcs\sources_1\new\spitter.v:]
WARNING: [filemgmt 56-199] Attempt to get parsing info during refresh. "On-the-fly" syntax checking information may be incorrect. [C:\Users\20212024\Github\ethernet_receiver\fifo_buffer\fifo_buffer\fifo_buffer.srcs\sources_1\new\fifo_buffer.v:]
WARNING: [filemgmt 56-199] Attempt to get parsing info during refresh. "On-the-fly" syntax checking information may be incorrect. [C:\Users\20212024\Github\ethernet_receiver\ip_repo\fifo_AXI_ip_1_0\hdl\fifo_AXI_ip_slave_lite_v1_0_S00_AXI.v:]
WARNING: [filemgmt 56-199] Attempt to get parsing info during refresh. "On-the-fly" syntax checking information may be incorrect. [C:\Users\20212024\Github\ethernet_receiver\fifo_buffer\fifo_buffer\fifo_buffer.srcs\sources_1\new\fifo_buffer.v:]
WARNING: [filemgmt 56-199] Attempt to get parsing info during refresh. "On-the-fly" syntax checking information may be incorrect. [C:\Users\20212024\Github\ethernet_receiver\fifo_buffer\fifo_buffer\fifo_buffer.srcs\sources_1\new\fifo_buffer.v:]
WARNING: [filemgmt 56-199] Attempt to get parsing info during refresh. "On-the-fly" syntax checking information may be incorrect. [C:\Users\20212024\Github\ethernet_receiver\ip_repo\fifo_AXI_ip_1_0\hdl\fifo_AXI_ip.v:]
WARNING: [filemgmt 56-199] Attempt to get parsing info during refresh. "On-the-fly" syntax checking information may be incorrect. [C:\Users\20212024\Github\ethernet_receiver\fifo_buffer\data_spitter\data_spitter.srcs\sources_1\new\spitter.v:]
WARNING: [filemgmt 56-199] Attempt to get parsing info during refresh. "On-the-fly" syntax checking information may be incorrect. [C:\Users\20212024\Github\ethernet_receiver\fifo_buffer\fifo_buffer\fifo_buffer.srcs\sources_1\new\fifo_buffer.v:]
WARNING: [filemgmt 56-199] Attempt to get parsing info during refresh. "On-the-fly" syntax checking information may be incorrect. [C:\Users\20212024\Github\ethernet_receiver\ip_repo\fifo_AXI_ip_1_0\hdl\fifo_AXI_ip_slave_lite_v1_0_S00_AXI.v:]
WARNING: [filemgmt 56-199] Attempt to get parsing info during refresh. "On-the-fly" syntax checking information may be incorrect. [C:\Users\20212024\Github\ethernet_receiver\fifo_buffer\data_spitter\data_spitter.srcs\sources_1\new\spitter.v:]
WARNING: [filemgmt 56-199] Attempt to get parsing info during refresh. "On-the-fly" syntax checking information may be incorrect. [C:\Users\20212024\Github\ethernet_receiver\fifo_buffer\data_spitter\data_spitter.srcs\sources_1\new\spitter.v:]
ERROR: [Common 17-180] Spawn failed: No error
ipx::merge_project_changes files [ipx::current_core]
set_property core_revision 22 [ipx::current_core]
ipx::create_xgui_files [ipx::current_core]
ipx::update_checksums [ipx::current_core]
ipx::check_integrity [ipx::current_core]
WARNING: [IP_Flow 19-11889] HDL Parameter 'C_S00_AXI_DATA_WIDTH (C S00 AXI DATA WIDTH)': Order is obsolete with XGUI version >= 2.0
WARNING: [IP_Flow 19-11889] HDL Parameter 'C_S00_AXI_ADDR_WIDTH (C S00 AXI ADDR WIDTH)': Order is obsolete with XGUI version >= 2.0
WARNING: [IP_Flow 19-5905] All packaged files should be located below the IP definition file (xml)
WARNING: [IP_Flow 19-5905] All packaged files should be located below the IP definition file (xml)
WARNING: [IP_Flow 19-5905] All packaged files should be located below the IP definition file (xml)
WARNING: [IP_Flow 19-5905] All packaged files should be located below the IP definition file (xml)
WARNING: [IP_Flow 19-11770] Clock interface 'S00_AXI_CLK' has no FREQ_HZ parameter.
INFO: [IP_Flow 19-2181] Payment is not required for this core.
WARNING: [IP_Flow 19-2187] The Product Guide file is missing.
INFO: [Ipptcl 7-1486] check_integrity: Integrity check passed.
ipx::save_core [ipx::current_core]
update_ip_catalog -rebuild -repo_path c:/Users/20212024/Github/ethernet_receiver/ip_repo/fifo_AXI_ip_1_0
INFO: [IP_Flow 19-725] Reloaded user IP repository 'c:/Users/20212024/Github/ethernet_receiver/ip_repo/fifo_AXI_ip_1_0'
WARNING: [filemgmt 56-199] Attempt to get parsing info during refresh. "On-the-fly" syntax checking information may be incorrect. [C:\Users\20212024\Github\ethernet_receiver\ip_repo\fifo_AXI_ip_1_0\hdl\fifo_AXI_ip.v:]
WARNING: [filemgmt 56-199] Attempt to get parsing info during refresh. "On-the-fly" syntax checking information may be incorrect. [C:\Users\20212024\Github\ethernet_receiver\fifo_buffer\data_spitter\data_spitter.srcs\sources_1\new\spitter.v:]
WARNING: [filemgmt 56-199] Attempt to get parsing info during refresh. "On-the-fly" syntax checking information may be incorrect. [C:\Users\20212024\Github\ethernet_receiver\fifo_buffer\fifo_buffer\fifo_buffer.srcs\sources_1\new\fifo_buffer.v:]
WARNING: [filemgmt 56-199] Attempt to get parsing info during refresh. "On-the-fly" syntax checking information may be incorrect. [C:\Users\20212024\Github\ethernet_receiver\ip_repo\fifo_AXI_ip_1_0\hdl\fifo_AXI_ip_slave_lite_v1_0_S00_AXI.v:]
WARNING: [filemgmt 56-199] Attempt to get parsing info during refresh. "On-the-fly" syntax checking information may be incorrect. [C:\Users\20212024\Github\ethernet_receiver\ip_repo\fifo_AXI_ip_1_0\hdl\fifo_AXI_ip_slave_lite_v1_0_S00_AXI.v:]
WARNING: [filemgmt 56-199] Attempt to get parsing info during refresh. "On-the-fly" syntax checking information may be incorrect. [C:\Users\20212024\Github\ethernet_receiver\ip_repo\fifo_AXI_ip_1_0\hdl\fifo_AXI_ip_slave_lite_v1_0_S00_AXI.v:]
WARNING: [filemgmt 56-199] Attempt to get parsing info during refresh. "On-the-fly" syntax checking information may be incorrect. [C:\Users\20212024\Github\ethernet_receiver\ip_repo\fifo_AXI_ip_1_0\hdl\fifo_AXI_ip.v:]
WARNING: [filemgmt 56-199] Attempt to get parsing info during refresh. "On-the-fly" syntax checking information may be incorrect. [C:\Users\20212024\Github\ethernet_receiver\fifo_buffer\data_spitter\data_spitter.srcs\sources_1\new\spitter.v:]
WARNING: [filemgmt 56-199] Attempt to get parsing info during refresh. "On-the-fly" syntax checking information may be incorrect. [C:\Users\20212024\Github\ethernet_receiver\fifo_buffer\fifo_buffer\fifo_buffer.srcs\sources_1\new\fifo_buffer.v:]
WARNING: [filemgmt 56-199] Attempt to get parsing info during refresh. "On-the-fly" syntax checking information may be incorrect. [C:\Users\20212024\Github\ethernet_receiver\ip_repo\fifo_AXI_ip_1_0\hdl\fifo_AXI_ip_slave_lite_v1_0_S00_AXI.v:]
WARNING: [filemgmt 56-199] Attempt to get parsing info during refresh. "On-the-fly" syntax checking information may be incorrect. [C:\Users\20212024\Github\ethernet_receiver\fifo_buffer\data_spitter\data_spitter.srcs\sources_1\new\spitter.v:]
WARNING: [filemgmt 56-199] Attempt to get parsing info during refresh. "On-the-fly" syntax checking information may be incorrect. [C:\Users\20212024\Github\ethernet_receiver\fifo_buffer\data_spitter\data_spitter.srcs\sources_1\new\spitter.v:]
ERROR: [Common 17-180] Spawn failed: No error
ERROR: [Common 17-180] Spawn failed: No error
WARNING: [filemgmt 56-199] Attempt to get parsing info during refresh. "On-the-fly" syntax checking information may be incorrect. [C:\Users\20212024\Github\ethernet_receiver\ip_repo\fifo_AXI_ip_1_0\hdl\fifo_AXI_ip.v:]
WARNING: [filemgmt 56-199] Attempt to get parsing info during refresh. "On-the-fly" syntax checking information may be incorrect. [C:\Users\20212024\Github\ethernet_receiver\fifo_buffer\data_spitter\data_spitter.srcs\sources_1\new\spitter.v:]
WARNING: [filemgmt 56-199] Attempt to get parsing info during refresh. "On-the-fly" syntax checking information may be incorrect. [C:\Users\20212024\Github\ethernet_receiver\ip_repo\fifo_AXI_ip_1_0\hdl\fifo_AXI_ip.v:]
WARNING: [filemgmt 56-199] Attempt to get parsing info during refresh. "On-the-fly" syntax checking information may be incorrect. [C:\Users\20212024\Github\ethernet_receiver\fifo_buffer\data_spitter\data_spitter.srcs\sources_1\new\spitter.v:]
WARNING: [filemgmt 56-199] Attempt to get parsing info during refresh. "On-the-fly" syntax checking information may be incorrect. [C:\Users\20212024\Github\ethernet_receiver\fifo_buffer\fifo_buffer\fifo_buffer.srcs\sources_1\new\fifo_buffer.v:]
WARNING: [filemgmt 56-199] Attempt to get parsing info during refresh. "On-the-fly" syntax checking information may be incorrect. [C:\Users\20212024\Github\ethernet_receiver\ip_repo\fifo_AXI_ip_1_0\hdl\fifo_AXI_ip_slave_lite_v1_0_S00_AXI.v:]
WARNING: [filemgmt 56-199] Attempt to get parsing info during refresh. "On-the-fly" syntax checking information may be incorrect. [C:\Users\20212024\Github\ethernet_receiver\ip_repo\fifo_AXI_ip_1_0\hdl\fifo_AXI_ip_slave_lite_v1_0_S00_AXI.v:]
WARNING: [filemgmt 56-199] Attempt to get parsing info during refresh. "On-the-fly" syntax checking information may be incorrect. [C:\Users\20212024\Github\ethernet_receiver\ip_repo\fifo_AXI_ip_1_0\hdl\fifo_AXI_ip_slave_lite_v1_0_S00_AXI.v:]
WARNING: [filemgmt 56-199] Attempt to get parsing info during refresh. "On-the-fly" syntax checking information may be incorrect. [C:\Users\20212024\Github\ethernet_receiver\ip_repo\fifo_AXI_ip_1_0\hdl\fifo_AXI_ip.v:]
WARNING: [filemgmt 56-199] Attempt to get parsing info during refresh. "On-the-fly" syntax checking information may be incorrect. [C:\Users\20212024\Github\ethernet_receiver\fifo_buffer\data_spitter\data_spitter.srcs\sources_1\new\spitter.v:]
WARNING: [filemgmt 56-199] Attempt to get parsing info during refresh. "On-the-fly" syntax checking information may be incorrect. [C:\Users\20212024\Github\ethernet_receiver\fifo_buffer\fifo_buffer\fifo_buffer.srcs\sources_1\new\fifo_buffer.v:]
WARNING: [filemgmt 56-199] Attempt to get parsing info during refresh. "On-the-fly" syntax checking information may be incorrect. [C:\Users\20212024\Github\ethernet_receiver\ip_repo\fifo_AXI_ip_1_0\hdl\fifo_AXI_ip_slave_lite_v1_0_S00_AXI.v:]
WARNING: [filemgmt 56-199] Attempt to get parsing info during refresh. "On-the-fly" syntax checking information may be incorrect. [C:\Users\20212024\Github\ethernet_receiver\fifo_buffer\data_spitter\data_spitter.srcs\sources_1\new\spitter.v:]
WARNING: [filemgmt 56-199] Attempt to get parsing info during refresh. "On-the-fly" syntax checking information may be incorrect. [C:\Users\20212024\Github\ethernet_receiver\fifo_buffer\data_spitter\data_spitter.srcs\sources_1\new\spitter.v:]
ERROR: [Common 17-180] Spawn failed: No error
ERROR: [Common 17-180] Spawn failed: No error
WARNING: [filemgmt 56-199] Attempt to get parsing info during refresh. "On-the-fly" syntax checking information may be incorrect. [C:\Users\20212024\Github\ethernet_receiver\ip_repo\fifo_AXI_ip_1_0\hdl\fifo_AXI_ip.v:]
WARNING: [filemgmt 56-199] Attempt to get parsing info during refresh. "On-the-fly" syntax checking information may be incorrect. [C:\Users\20212024\Github\ethernet_receiver\fifo_buffer\data_spitter\data_spitter.srcs\sources_1\new\spitter.v:]
ipx::merge_project_changes files [ipx::current_core]
set_property core_revision 23 [ipx::current_core]
ipx::create_xgui_files [ipx::current_core]
ipx::update_checksums [ipx::current_core]
ipx::check_integrity [ipx::current_core]
WARNING: [IP_Flow 19-11889] HDL Parameter 'C_S00_AXI_DATA_WIDTH (C S00 AXI DATA WIDTH)': Order is obsolete with XGUI version >= 2.0
WARNING: [IP_Flow 19-11889] HDL Parameter 'C_S00_AXI_ADDR_WIDTH (C S00 AXI ADDR WIDTH)': Order is obsolete with XGUI version >= 2.0
WARNING: [IP_Flow 19-5905] All packaged files should be located below the IP definition file (xml)
WARNING: [IP_Flow 19-5905] All packaged files should be located below the IP definition file (xml)
WARNING: [IP_Flow 19-5905] All packaged files should be located below the IP definition file (xml)
WARNING: [IP_Flow 19-5905] All packaged files should be located below the IP definition file (xml)
WARNING: [IP_Flow 19-11770] Clock interface 'S00_AXI_CLK' has no FREQ_HZ parameter.
INFO: [IP_Flow 19-2181] Payment is not required for this core.
WARNING: [IP_Flow 19-2187] The Product Guide file is missing.
INFO: [Ipptcl 7-1486] check_integrity: Integrity check passed.
ipx::save_core [ipx::current_core]
update_ip_catalog -rebuild -repo_path c:/Users/20212024/Github/ethernet_receiver/ip_repo/fifo_AXI_ip_1_0
INFO: [IP_Flow 19-725] Reloaded user IP repository 'c:/Users/20212024/Github/ethernet_receiver/ip_repo/fifo_AXI_ip_1_0'
WARNING: [filemgmt 56-199] Attempt to get parsing info during refresh. "On-the-fly" syntax checking information may be incorrect. [C:\Users\20212024\Github\ethernet_receiver\ip_repo\fifo_AXI_ip_1_0\hdl\fifo_AXI_ip.v:]
WARNING: [filemgmt 56-199] Attempt to get parsing info during refresh. "On-the-fly" syntax checking information may be incorrect. [C:\Users\20212024\Github\ethernet_receiver\fifo_buffer\data_spitter\data_spitter.srcs\sources_1\new\spitter.v:]
WARNING: [filemgmt 56-199] Attempt to get parsing info during refresh. "On-the-fly" syntax checking information may be incorrect. [C:\Users\20212024\Github\ethernet_receiver\fifo_buffer\fifo_buffer\fifo_buffer.srcs\sources_1\new\fifo_buffer.v:]
WARNING: [filemgmt 56-199] Attempt to get parsing info during refresh. "On-the-fly" syntax checking information may be incorrect. [C:\Users\20212024\Github\ethernet_receiver\ip_repo\fifo_AXI_ip_1_0\hdl\fifo_AXI_ip_slave_lite_v1_0_S00_AXI.v:]
WARNING: [filemgmt 56-199] Attempt to get parsing info during refresh. "On-the-fly" syntax checking information may be incorrect. [C:\Users\20212024\Github\ethernet_receiver\ip_repo\fifo_AXI_ip_1_0\hdl\fifo_AXI_ip_slave_lite_v1_0_S00_AXI.v:]
WARNING: [filemgmt 56-199] Attempt to get parsing info during refresh. "On-the-fly" syntax checking information may be incorrect. [C:\Users\20212024\Github\ethernet_receiver\ip_repo\fifo_AXI_ip_1_0\hdl\fifo_AXI_ip_slave_lite_v1_0_S00_AXI.v:]
WARNING: [filemgmt 56-199] Attempt to get parsing info during refresh. "On-the-fly" syntax checking information may be incorrect. [C:\Users\20212024\Github\ethernet_receiver\ip_repo\fifo_AXI_ip_1_0\hdl\fifo_AXI_ip.v:]
WARNING: [filemgmt 56-199] Attempt to get parsing info during refresh. "On-the-fly" syntax checking information may be incorrect. [C:\Users\20212024\Github\ethernet_receiver\fifo_buffer\data_spitter\data_spitter.srcs\sources_1\new\spitter.v:]
WARNING: [filemgmt 56-199] Attempt to get parsing info during refresh. "On-the-fly" syntax checking information may be incorrect. [C:\Users\20212024\Github\ethernet_receiver\fifo_buffer\fifo_buffer\fifo_buffer.srcs\sources_1\new\fifo_buffer.v:]
WARNING: [filemgmt 56-199] Attempt to get parsing info during refresh. "On-the-fly" syntax checking information may be incorrect. [C:\Users\20212024\Github\ethernet_receiver\ip_repo\fifo_AXI_ip_1_0\hdl\fifo_AXI_ip_slave_lite_v1_0_S00_AXI.v:]
WARNING: [filemgmt 56-199] Attempt to get parsing info during refresh. "On-the-fly" syntax checking information may be incorrect. [C:\Users\20212024\Github\ethernet_receiver\fifo_buffer\fifo_buffer\fifo_buffer.srcs\sources_1\new\fifo_buffer.v:]
WARNING: [filemgmt 56-199] Attempt to get parsing info during refresh. "On-the-fly" syntax checking information may be incorrect. [C:\Users\20212024\Github\ethernet_receiver\fifo_buffer\fifo_buffer\fifo_buffer.srcs\sources_1\new\fifo_buffer.v:]
WARNING: [filemgmt 56-199] Attempt to get parsing info during refresh. "On-the-fly" syntax checking information may be incorrect. [C:\Users\20212024\Github\ethernet_receiver\ip_repo\fifo_AXI_ip_1_0\hdl\fifo_AXI_ip.v:]
WARNING: [filemgmt 56-199] Attempt to get parsing info during refresh. "On-the-fly" syntax checking information may be incorrect. [C:\Users\20212024\Github\ethernet_receiver\fifo_buffer\data_spitter\data_spitter.srcs\sources_1\new\spitter.v:]
WARNING: [filemgmt 56-199] Attempt to get parsing info during refresh. "On-the-fly" syntax checking information may be incorrect. [C:\Users\20212024\Github\ethernet_receiver\fifo_buffer\fifo_buffer\fifo_buffer.srcs\sources_1\new\fifo_buffer.v:]
WARNING: [filemgmt 56-199] Attempt to get parsing info during refresh. "On-the-fly" syntax checking information may be incorrect. [C:\Users\20212024\Github\ethernet_receiver\ip_repo\fifo_AXI_ip_1_0\hdl\fifo_AXI_ip_slave_lite_v1_0_S00_AXI.v:]
WARNING: [filemgmt 56-199] Attempt to get parsing info during refresh. "On-the-fly" syntax checking information may be incorrect. [C:\Users\20212024\Github\ethernet_receiver\ip_repo\fifo_AXI_ip_1_0\hdl\fifo_AXI_ip.v:]
WARNING: [filemgmt 56-199] Attempt to get parsing info during refresh. "On-the-fly" syntax checking information may be incorrect. [C:\Users\20212024\Github\ethernet_receiver\ip_repo\fifo_AXI_ip_1_0\hdl\fifo_AXI_ip.v:]
ERROR: [Common 17-180] Spawn failed: No error
WARNING: [filemgmt 56-199] Attempt to get parsing info during refresh. "On-the-fly" syntax checking information may be incorrect. [C:\Users\20212024\Github\ethernet_receiver\ip_repo\fifo_AXI_ip_1_0\hdl\fifo_AXI_ip.v:]
WARNING: [filemgmt 56-199] Attempt to get parsing info during refresh. "On-the-fly" syntax checking information may be incorrect. [C:\Users\20212024\Github\ethernet_receiver\fifo_buffer\data_spitter\data_spitter.srcs\sources_1\new\spitter.v:]
WARNING: [filemgmt 56-199] Attempt to get parsing info during refresh. "On-the-fly" syntax checking information may be incorrect. [C:\Users\20212024\Github\ethernet_receiver\fifo_buffer\fifo_buffer\fifo_buffer.srcs\sources_1\new\fifo_buffer.v:]
WARNING: [filemgmt 56-199] Attempt to get parsing info during refresh. "On-the-fly" syntax checking information may be incorrect. [C:\Users\20212024\Github\ethernet_receiver\ip_repo\fifo_AXI_ip_1_0\hdl\fifo_AXI_ip_slave_lite_v1_0_S00_AXI.v:]
WARNING: [filemgmt 56-199] Attempt to get parsing info during refresh. "On-the-fly" syntax checking information may be incorrect. [C:\Users\20212024\Github\ethernet_receiver\ip_repo\fifo_AXI_ip_1_0\hdl\fifo_AXI_ip_slave_lite_v1_0_S00_AXI.v:]
WARNING: [filemgmt 56-199] Attempt to get parsing info during refresh. "On-the-fly" syntax checking information may be incorrect. [C:\Users\20212024\Github\ethernet_receiver\ip_repo\fifo_AXI_ip_1_0\hdl\fifo_AXI_ip_slave_lite_v1_0_S00_AXI.v:]
WARNING: [filemgmt 56-199] Attempt to get parsing info during refresh. "On-the-fly" syntax checking information may be incorrect. [C:\Users\20212024\Github\ethernet_receiver\ip_repo\fifo_AXI_ip_1_0\hdl\fifo_AXI_ip.v:]
WARNING: [filemgmt 56-199] Attempt to get parsing info during refresh. "On-the-fly" syntax checking information may be incorrect. [C:\Users\20212024\Github\ethernet_receiver\fifo_buffer\data_spitter\data_spitter.srcs\sources_1\new\spitter.v:]
WARNING: [filemgmt 56-199] Attempt to get parsing info during refresh. "On-the-fly" syntax checking information may be incorrect. [C:\Users\20212024\Github\ethernet_receiver\fifo_buffer\fifo_buffer\fifo_buffer.srcs\sources_1\new\fifo_buffer.v:]
WARNING: [filemgmt 56-199] Attempt to get parsing info during refresh. "On-the-fly" syntax checking information may be incorrect. [C:\Users\20212024\Github\ethernet_receiver\ip_repo\fifo_AXI_ip_1_0\hdl\fifo_AXI_ip_slave_lite_v1_0_S00_AXI.v:]
WARNING: [filemgmt 56-199] Attempt to get parsing info during refresh. "On-the-fly" syntax checking information may be incorrect. [C:\Users\20212024\Github\ethernet_receiver\fifo_buffer\data_spitter\data_spitter.srcs\sources_1\new\spitter.v:]
WARNING: [filemgmt 56-199] Attempt to get parsing info during refresh. "On-the-fly" syntax checking information may be incorrect. [C:\Users\20212024\Github\ethernet_receiver\fifo_buffer\data_spitter\data_spitter.srcs\sources_1\new\spitter.v:]
ERROR: [Common 17-180] Spawn failed: No error
ERROR: [Common 17-180] Spawn failed: No error
WARNING: [filemgmt 56-199] Attempt to get parsing info during refresh. "On-the-fly" syntax checking information may be incorrect. [C:\Users\20212024\Github\ethernet_receiver\ip_repo\fifo_AXI_ip_1_0\hdl\fifo_AXI_ip.v:]
WARNING: [filemgmt 56-199] Attempt to get parsing info during refresh. "On-the-fly" syntax checking information may be incorrect. [C:\Users\20212024\Github\ethernet_receiver\fifo_buffer\data_spitter\data_spitter.srcs\sources_1\new\spitter.v:]
WARNING: [filemgmt 56-199] Attempt to get parsing info during refresh. "On-the-fly" syntax checking information may be incorrect. [C:\Users\20212024\Github\ethernet_receiver\fifo_buffer\fifo_buffer\fifo_buffer.srcs\sources_1\new\fifo_buffer.v:]
ipx::merge_project_changes files [ipx::current_core]
set_property core_revision 24 [ipx::current_core]
ipx::create_xgui_files [ipx::current_core]
ipx::update_checksums [ipx::current_core]
ipx::check_integrity [ipx::current_core]
WARNING: [IP_Flow 19-11889] HDL Parameter 'C_S00_AXI_DATA_WIDTH (C S00 AXI DATA WIDTH)': Order is obsolete with XGUI version >= 2.0
WARNING: [IP_Flow 19-11889] HDL Parameter 'C_S00_AXI_ADDR_WIDTH (C S00 AXI ADDR WIDTH)': Order is obsolete with XGUI version >= 2.0
WARNING: [IP_Flow 19-5905] All packaged files should be located below the IP definition file (xml)
WARNING: [IP_Flow 19-5905] All packaged files should be located below the IP definition file (xml)
WARNING: [IP_Flow 19-5905] All packaged files should be located below the IP definition file (xml)
WARNING: [IP_Flow 19-5905] All packaged files should be located below the IP definition file (xml)
WARNING: [IP_Flow 19-11770] Clock interface 'S00_AXI_CLK' has no FREQ_HZ parameter.
INFO: [IP_Flow 19-2181] Payment is not required for this core.
WARNING: [IP_Flow 19-2187] The Product Guide file is missing.
INFO: [Ipptcl 7-1486] check_integrity: Integrity check passed.
ipx::save_core [ipx::current_core]
update_ip_catalog -rebuild -repo_path c:/Users/20212024/Github/ethernet_receiver/ip_repo/fifo_AXI_ip_1_0
INFO: [IP_Flow 19-725] Reloaded user IP repository 'c:/Users/20212024/Github/ethernet_receiver/ip_repo/fifo_AXI_ip_1_0'
WARNING: [filemgmt 56-199] Attempt to get parsing info during refresh. "On-the-fly" syntax checking information may be incorrect. [C:\Users\20212024\Github\ethernet_receiver\ip_repo\fifo_AXI_ip_1_0\hdl\fifo_AXI_ip.v:]
WARNING: [filemgmt 56-199] Attempt to get parsing info during refresh. "On-the-fly" syntax checking information may be incorrect. [C:\Users\20212024\Github\ethernet_receiver\fifo_buffer\data_spitter\data_spitter.srcs\sources_1\new\spitter.v:]
WARNING: [filemgmt 56-199] Attempt to get parsing info during refresh. "On-the-fly" syntax checking information may be incorrect. [C:\Users\20212024\Github\ethernet_receiver\fifo_buffer\fifo_buffer\fifo_buffer.srcs\sources_1\new\fifo_buffer.v:]
WARNING: [filemgmt 56-199] Attempt to get parsing info during refresh. "On-the-fly" syntax checking information may be incorrect. [C:\Users\20212024\Github\ethernet_receiver\ip_repo\fifo_AXI_ip_1_0\hdl\fifo_AXI_ip_slave_lite_v1_0_S00_AXI.v:]
WARNING: [filemgmt 56-199] Attempt to get parsing info during refresh. "On-the-fly" syntax checking information may be incorrect. [C:\Users\20212024\Github\ethernet_receiver\ip_repo\fifo_AXI_ip_1_0\hdl\fifo_AXI_ip_slave_lite_v1_0_S00_AXI.v:]
WARNING: [filemgmt 56-199] Attempt to get parsing info during refresh. "On-the-fly" syntax checking information may be incorrect. [C:\Users\20212024\Github\ethernet_receiver\ip_repo\fifo_AXI_ip_1_0\hdl\fifo_AXI_ip_slave_lite_v1_0_S00_AXI.v:]
WARNING: [filemgmt 56-199] Attempt to get parsing info during refresh. "On-the-fly" syntax checking information may be incorrect. [C:\Users\20212024\Github\ethernet_receiver\ip_repo\fifo_AXI_ip_1_0\hdl\fifo_AXI_ip.v:]
WARNING: [filemgmt 56-199] Attempt to get parsing info during refresh. "On-the-fly" syntax checking information may be incorrect. [C:\Users\20212024\Github\ethernet_receiver\fifo_buffer\data_spitter\data_spitter.srcs\sources_1\new\spitter.v:]
WARNING: [filemgmt 56-199] Attempt to get parsing info during refresh. "On-the-fly" syntax checking information may be incorrect. [C:\Users\20212024\Github\ethernet_receiver\fifo_buffer\fifo_buffer\fifo_buffer.srcs\sources_1\new\fifo_buffer.v:]
WARNING: [filemgmt 56-199] Attempt to get parsing info during refresh. "On-the-fly" syntax checking information may be incorrect. [C:\Users\20212024\Github\ethernet_receiver\ip_repo\fifo_AXI_ip_1_0\hdl\fifo_AXI_ip_slave_lite_v1_0_S00_AXI.v:]
WARNING: [filemgmt 56-199] Attempt to get parsing info during refresh. "On-the-fly" syntax checking information may be incorrect. [C:\Users\20212024\Github\ethernet_receiver\fifo_buffer\fifo_buffer\fifo_buffer.srcs\sources_1\new\fifo_buffer.v:]
WARNING: [filemgmt 56-199] Attempt to get parsing info during refresh. "On-the-fly" syntax checking information may be incorrect. [C:\Users\20212024\Github\ethernet_receiver\fifo_buffer\fifo_buffer\fifo_buffer.srcs\sources_1\new\fifo_buffer.v:]
WARNING: [filemgmt 56-199] Attempt to get parsing info during refresh. "On-the-fly" syntax checking information may be incorrect. [C:\Users\20212024\Github\ethernet_receiver\ip_repo\fifo_AXI_ip_1_0\hdl\fifo_AXI_ip.v:]
WARNING: [filemgmt 56-199] Attempt to get parsing info during refresh. "On-the-fly" syntax checking information may be incorrect. [C:\Users\20212024\Github\ethernet_receiver\fifo_buffer\data_spitter\data_spitter.srcs\sources_1\new\spitter.v:]
WARNING: [filemgmt 56-199] Attempt to get parsing info during refresh. "On-the-fly" syntax checking information may be incorrect. [C:\Users\20212024\Github\ethernet_receiver\fifo_buffer\fifo_buffer\fifo_buffer.srcs\sources_1\new\fifo_buffer.v:]
WARNING: [filemgmt 56-199] Attempt to get parsing info during refresh. "On-the-fly" syntax checking information may be incorrect. [C:\Users\20212024\Github\ethernet_receiver\ip_repo\fifo_AXI_ip_1_0\hdl\fifo_AXI_ip_slave_lite_v1_0_S00_AXI.v:]
WARNING: [filemgmt 56-199] Attempt to get parsing info during refresh. "On-the-fly" syntax checking information may be incorrect. [C:\Users\20212024\Github\ethernet_receiver\fifo_buffer\data_spitter\data_spitter.srcs\sources_1\new\spitter.v:]
WARNING: [filemgmt 56-199] Attempt to get parsing info during refresh. "On-the-fly" syntax checking information may be incorrect. [C:\Users\20212024\Github\ethernet_receiver\fifo_buffer\data_spitter\data_spitter.srcs\sources_1\new\spitter.v:]
ERROR: [Common 17-180] Spawn failed: No error
WARNING: [filemgmt 56-199] Attempt to get parsing info during refresh. "On-the-fly" syntax checking information may be incorrect. [C:\Users\20212024\Github\ethernet_receiver\ip_repo\fifo_AXI_ip_1_0\hdl\fifo_AXI_ip.v:]
WARNING: [filemgmt 56-199] Attempt to get parsing info during refresh. "On-the-fly" syntax checking information may be incorrect. [C:\Users\20212024\Github\ethernet_receiver\fifo_buffer\data_spitter\data_spitter.srcs\sources_1\new\spitter.v:]
WARNING: [filemgmt 56-199] Attempt to get parsing info during refresh. "On-the-fly" syntax checking information may be incorrect. [C:\Users\20212024\Github\ethernet_receiver\fifo_buffer\fifo_buffer\fifo_buffer.srcs\sources_1\new\fifo_buffer.v:]
WARNING: [filemgmt 56-199] Attempt to get parsing info during refresh. "On-the-fly" syntax checking information may be incorrect. [C:\Users\20212024\Github\ethernet_receiver\ip_repo\fifo_AXI_ip_1_0\hdl\fifo_AXI_ip_slave_lite_v1_0_S00_AXI.v:]
WARNING: [filemgmt 56-199] Attempt to get parsing info during refresh. "On-the-fly" syntax checking information may be incorrect. [C:\Users\20212024\Github\ethernet_receiver\ip_repo\fifo_AXI_ip_1_0\hdl\fifo_AXI_ip_slave_lite_v1_0_S00_AXI.v:]
WARNING: [filemgmt 56-199] Attempt to get parsing info during refresh. "On-the-fly" syntax checking information may be incorrect. [C:\Users\20212024\Github\ethernet_receiver\ip_repo\fifo_AXI_ip_1_0\hdl\fifo_AXI_ip_slave_lite_v1_0_S00_AXI.v:]
WARNING: [filemgmt 56-199] Attempt to get parsing info during refresh. "On-the-fly" syntax checking information may be incorrect. [C:\Users\20212024\Github\ethernet_receiver\ip_repo\fifo_AXI_ip_1_0\hdl\fifo_AXI_ip.v:]
WARNING: [filemgmt 56-199] Attempt to get parsing info during refresh. "On-the-fly" syntax checking information may be incorrect. [C:\Users\20212024\Github\ethernet_receiver\fifo_buffer\data_spitter\data_spitter.srcs\sources_1\new\spitter.v:]
WARNING: [filemgmt 56-199] Attempt to get parsing info during refresh. "On-the-fly" syntax checking information may be incorrect. [C:\Users\20212024\Github\ethernet_receiver\fifo_buffer\fifo_buffer\fifo_buffer.srcs\sources_1\new\fifo_buffer.v:]
WARNING: [filemgmt 56-199] Attempt to get parsing info during refresh. "On-the-fly" syntax checking information may be incorrect. [C:\Users\20212024\Github\ethernet_receiver\ip_repo\fifo_AXI_ip_1_0\hdl\fifo_AXI_ip_slave_lite_v1_0_S00_AXI.v:]
WARNING: [filemgmt 56-199] Attempt to get parsing info during refresh. "On-the-fly" syntax checking information may be incorrect. [C:\Users\20212024\Github\ethernet_receiver\fifo_buffer\fifo_buffer\fifo_buffer.srcs\sources_1\new\fifo_buffer.v:]
WARNING: [filemgmt 56-199] Attempt to get parsing info during refresh. "On-the-fly" syntax checking information may be incorrect. [C:\Users\20212024\Github\ethernet_receiver\fifo_buffer\fifo_buffer\fifo_buffer.srcs\sources_1\new\fifo_buffer.v:]
WARNING: [filemgmt 56-199] Attempt to get parsing info during refresh. "On-the-fly" syntax checking information may be incorrect. [C:\Users\20212024\Github\ethernet_receiver\ip_repo\fifo_AXI_ip_1_0\hdl\fifo_AXI_ip.v:]
WARNING: [filemgmt 56-199] Attempt to get parsing info during refresh. "On-the-fly" syntax checking information may be incorrect. [C:\Users\20212024\Github\ethernet_receiver\fifo_buffer\data_spitter\data_spitter.srcs\sources_1\new\spitter.v:]
WARNING: [filemgmt 56-199] Attempt to get parsing info during refresh. "On-the-fly" syntax checking information may be incorrect. [C:\Users\20212024\Github\ethernet_receiver\fifo_buffer\fifo_buffer\fifo_buffer.srcs\sources_1\new\fifo_buffer.v:]
WARNING: [filemgmt 56-199] Attempt to get parsing info during refresh. "On-the-fly" syntax checking information may be incorrect. [C:\Users\20212024\Github\ethernet_receiver\ip_repo\fifo_AXI_ip_1_0\hdl\fifo_AXI_ip_slave_lite_v1_0_S00_AXI.v:]
WARNING: [filemgmt 56-199] Attempt to get parsing info during refresh. "On-the-fly" syntax checking information may be incorrect. [C:\Users\20212024\Github\ethernet_receiver\fifo_buffer\data_spitter\data_spitter.srcs\sources_1\new\spitter.v:]
WARNING: [filemgmt 56-199] Attempt to get parsing info during refresh. "On-the-fly" syntax checking information may be incorrect. [C:\Users\20212024\Github\ethernet_receiver\fifo_buffer\data_spitter\data_spitter.srcs\sources_1\new\spitter.v:]
ERROR: [Common 17-180] Spawn failed: No error
exit
INFO: [Common 17-206] Exiting Vivado at Mon Apr 14 16:56:08 2025...
