#-----------------------------------------------------------
# Vivado v2024.2 (64-bit)
# SW Build 5239630 on Fri Nov 08 22:35:27 MST 2024
# IP Build 5239520 on Sun Nov 10 16:12:51 MST 2024
# SharedData Build 5239561 on Fri Nov 08 14:39:27 MST 2024
# Start of session at: Fri Apr 11 10:59:45 2025
# Process ID         : 10604
# Current directory  : C:/Users/20212024/Github/ethernet_receiver/fifo_buffer/data_spitter
# Command line       : vivado.exe -gui_launcher_event rodinguilauncherevent24348 C:\Users\20212024\Github\ethernet_receiver\fifo_buffer\data_spitter\data_spitter.xpr
# Log file           : C:/Users/20212024/Github/ethernet_receiver/fifo_buffer/data_spitter/vivado.log
# Journal file       : C:/Users/20212024/Github/ethernet_receiver/fifo_buffer/data_spitter\vivado.jou
# Running On         : s20212024
# Platform           : Windows Server 2016 or Windows 10
# Operating System   : 26100
# Processor Detail   : Intel(R) Core(TM) i7-10750H CPU @ 2.60GHz
# CPU Frequency      : 2592 MHz
# CPU Physical cores : 6
# CPU Logical cores  : 12
# Host memory        : 16919 MB
# Swap memory        : 11811 MB
# Total Virtual      : 28730 MB
# Available Virtual  : 10373 MB
#-----------------------------------------------------------
start_gui
INFO: [Common 17-1460] Use of init.tcl in C:/Users/20212024/AppData/Roaming/Xilinx/Vivado/init.tcl is deprecated. Please use Vivado_init.tcl 
Sourcing tcl script 'C:/Users/20212024/AppData/Roaming/Xilinx/Vivado/init.tcl'
open_project C:/Users/20212024/Github/ethernet_receiver/fifo_buffer/data_spitter/data_spitter.xpr
INFO: [Project 1-313] Project file moved from 'C:/Users/20223108/Documents/github/ethernet_receiver/fifo_buffer/data_spitter' since last save.
WARNING: [filemgmt 56-2] Board Part Repository Path: Could not find the directory 'C:/Users/AppData/Roaming/Xilinx/Vivado/2024.2/xhub/board_store/xilinx_board_store', nor could it be found using path 'C:/Users/20223108/AppData/Roaming/Xilinx/Vivado/2024.2/xhub/board_store/xilinx_board_store'.
INFO: [filemgmt 56-3] Default IP Output Path : Could not find the directory 'C:/Users/20212024/Github/ethernet_receiver/fifo_buffer/data_spitter/data_spitter.gen/sources_1'.
Scanning sources...
Finished scanning sources
INFO: [IP_Flow 19-234] Refreshing IP repositories
INFO: [IP_Flow 19-1704] No user IP repositories specified
INFO: [IP_Flow 19-2313] Loaded Vivado IP repository 'C:/Xilinx/Vivado/2024.2/data/ip'.
open_project: Time (s): cpu = 00:00:15 ; elapsed = 00:00:06 . Memory (MB): peak = 1072.117 ; gain = 37.207
update_compile_order -fileset sources_1
launch_simulation
Command: launch_simulation 
INFO: [Vivado 12-12493] Simulation top is 'spitter_tb'
WARNING: [Vivado 12-13340] Unable to auto find GCC executables from simulator install path! (path not set)
INFO: [Vivado 12-5682] Launching behavioral simulation in 'C:/Users/20212024/Github/ethernet_receiver/fifo_buffer/data_spitter/data_spitter.sim/sim_1/behav/xsim'
INFO: [SIM-utils-51] Simulation object is 'sim_1'
INFO: [SIM-utils-72] Using boost library from 'C:/Xilinx/Vivado/2024.2/tps/boost_1_72_0'
INFO: [SIM-utils-54] Inspecting design source files for 'spitter_tb' in fileset 'sim_1'...
INFO: [USF-XSim-97] Finding global include files...
INFO: [USF-XSim-98] Fetching design files from 'sim_1'...
INFO: [USF-XSim-2] XSim::Compile design
INFO: [USF-XSim-61] Executing 'COMPILE and ANALYZE' step in 'C:/Users/20212024/Github/ethernet_receiver/fifo_buffer/data_spitter/data_spitter.sim/sim_1/behav/xsim'
"xvlog --incr --relax -prj spitter_tb_vlog.prj"
INFO: [VRFC 10-2263] Analyzing Verilog file "C:/Users/20212024/Github/ethernet_receiver/fifo_buffer/data_spitter/data_spitter.srcs/sources_1/new/spitter.v" into library xil_defaultlib
INFO: [VRFC 10-311] analyzing module spitter
INFO: [VRFC 10-2263] Analyzing Verilog file "C:/Users/20212024/Github/ethernet_receiver/fifo_buffer/data_spitter/data_spitter.srcs/sim_1/new/spitter_tb.v" into library xil_defaultlib
INFO: [VRFC 10-311] analyzing module spitter_tb
INFO: [VRFC 10-2263] Analyzing Verilog file "C:/Users/20212024/Github/ethernet_receiver/fifo_buffer/data_spitter/data_spitter.sim/sim_1/behav/xsim/glbl.v" into library xil_defaultlib
INFO: [VRFC 10-311] analyzing module glbl
INFO: [USF-XSim-69] 'compile' step finished in '3' seconds
INFO: [USF-XSim-3] XSim::Elaborate design
INFO: [USF-XSim-61] Executing 'ELABORATE' step in 'C:/Users/20212024/Github/ethernet_receiver/fifo_buffer/data_spitter/data_spitter.sim/sim_1/behav/xsim'
"xelab --incr --debug typical --relax --mt 2 -L xil_defaultlib -L unisims_ver -L unimacro_ver -L secureip --snapshot spitter_tb_behav xil_defaultlib.spitter_tb xil_defaultlib.glbl -log elaborate.log"
Vivado Simulator v2024.2.0
Copyright 1986-2022 Xilinx, Inc. All Rights Reserved.
Copyright 2022-2024 Advanced Micro Devices, Inc. All Rights Reserved.
Running: C:/Xilinx/Vivado/2024.2/bin/unwrapped/win64.o/xelab.exe --incr --debug typical --relax --mt 2 -L xil_defaultlib -L unisims_ver -L unimacro_ver -L secureip --snapshot spitter_tb_behav xil_defaultlib.spitter_tb xil_defaultlib.glbl -log elaborate.log 
Using 2 slave threads.
Starting static elaboration
Pass Through NonSizing Optimizer
WARNING: [VRFC 10-3129] assignment to input 'data' [C:/Users/20212024/Github/ethernet_receiver/fifo_buffer/data_spitter/data_spitter.srcs/sim_1/new/spitter_tb.v:12]
Completed static elaboration
Starting simulation data flow analysis
Completed simulation data flow analysis
Time Resolution for simulation is 1ps
Compiling module xil_defaultlib.spitter
Compiling module xil_defaultlib.spitter_tb
Compiling module xil_defaultlib.glbl
Built simulation snapshot spitter_tb_behav
INFO: [USF-XSim-69] 'elaborate' step finished in '4' seconds
INFO: [USF-XSim-4] XSim::Simulate design
INFO: [USF-XSim-61] Executing 'SIMULATE' step in 'C:/Users/20212024/Github/ethernet_receiver/fifo_buffer/data_spitter/data_spitter.sim/sim_1/behav/xsim'
INFO: [USF-XSim-98] *** Running xsim
   with args "spitter_tb_behav -key {Behavioral:sim_1:Functional:spitter_tb} -tclbatch {spitter_tb.tcl} -log {simulate.log}"
INFO: [USF-XSim-8] Loading simulator feature
Time resolution is 1 ps
source spitter_tb.tcl
# set curr_wave [current_wave_config]
# if { [string length $curr_wave] == 0 } {
#   if { [llength [get_objects]] > 0} {
#     add_wave /
#     set_property needs_save false [current_wave_config]
#   } else {
#      send_msg_id Add_Wave-1 WARNING "No top level signals found. Simulator will start without a wave window. If you want to open a wave window go to 'File->New Waveform Configuration' or type 'create_wave_config' in the TCL console."
#   }
# }
# run 1000ns
Random number generated: 00010010000101010011010100100100
Random number generated: 11000000100010010101111010000001
Random number generated: 10000100100001001101011000001001
Random number generated: 10110001111100000101011001100011
Random number generated: 00000110101110010111101100001101
Random number generated: 01000110110111111001100110001101
Random number generated: 10110010110000101000010001100101
Random number generated: 10001001001101110101001000010010
Random number generated: 00000000111100111110001100000001
Random number generated: 00000110110101111100110100001101
Random number generated: 00111011001000111111000101110110
Random number generated: 00011110100011011100110100111101
Random number generated: 01110110110101000101011111101101
Random number generated: 01000110001011011111011110001100
Random number generated: 01111100111111011110100111111001
Random number generated: 11100011001101110010010011000110
Random number generated: 11100010111101111000010011000101
Random number generated: 11010101000100111101001010101010
Random number generated: 01110010101011111111011111100101
Random number generated: 10111011110100100111001001110111
Random number generated: 10001001001100101101011000010010
Random number generated: 01000111111011001101101110001111
Random number generated: 01111001001100000110100111110010
Random number generated: 11100111011101101001011011001110
Random number generated: 11110100000000000111101011101000
Random number generated: 11100010110010100100111011000101
Random number generated: 00101110010110000100100101011100
$finish called at time : 55 ns : File "C:/Users/20212024/Github/ethernet_receiver/fifo_buffer/data_spitter/data_spitter.srcs/sim_1/new/spitter_tb.v" Line 22
INFO: [USF-XSim-96] XSim completed. Design snapshot 'spitter_tb_behav' loaded.
INFO: [USF-XSim-97] XSim simulation ran for 1000ns
launch_simulation: Time (s): cpu = 00:00:06 ; elapsed = 00:00:10 . Memory (MB): peak = 1124.996 ; gain = 15.094
WARNING: [filemgmt 56-199] Attempt to get parsing info during refresh. "On-the-fly" syntax checking information may be incorrect. [C:\Users\20212024\Github\ethernet_receiver\fifo_buffer\data_spitter\data_spitter.srcs\sources_1\new\spitter.v:]
WARNING: [filemgmt 56-199] Attempt to get parsing info during refresh. "On-the-fly" syntax checking information may be incorrect. [C:\Users\20212024\Github\ethernet_receiver\fifo_buffer\data_spitter\data_spitter.srcs\sim_1\new\spitter_tb.v:]
WARNING: [filemgmt 56-199] Attempt to get parsing info during refresh. "On-the-fly" syntax checking information may be incorrect. [C:\Users\20212024\Github\ethernet_receiver\fifo_buffer\data_spitter\data_spitter.srcs\sources_1\new\spitter.v:]
WARNING: [filemgmt 56-199] Attempt to get parsing info during refresh. "On-the-fly" syntax checking information may be incorrect. [C:\Users\20212024\Github\ethernet_receiver\fifo_buffer\data_spitter\data_spitter.srcs\sources_1\new\spitter.v:]
ERROR: [Common 17-180] Spawn failed: No error
close_sim
INFO: [Simtcl 6-16] Simulation closed
launch_simulation
Command: launch_simulation 
INFO: [Vivado 12-12493] Simulation top is 'spitter_tb'
WARNING: [Vivado 12-13340] Unable to auto find GCC executables from simulator install path! (path not set)
INFO: [Vivado 12-5682] Launching behavioral simulation in 'C:/Users/20212024/Github/ethernet_receiver/fifo_buffer/data_spitter/data_spitter.sim/sim_1/behav/xsim'
INFO: [SIM-utils-51] Simulation object is 'sim_1'
INFO: [SIM-utils-72] Using boost library from 'C:/Xilinx/Vivado/2024.2/tps/boost_1_72_0'
INFO: [SIM-utils-54] Inspecting design source files for 'spitter_tb' in fileset 'sim_1'...
INFO: [USF-XSim-97] Finding global include files...
INFO: [USF-XSim-98] Fetching design files from 'sim_1'...
INFO: [USF-XSim-2] XSim::Compile design
INFO: [USF-XSim-61] Executing 'COMPILE and ANALYZE' step in 'C:/Users/20212024/Github/ethernet_receiver/fifo_buffer/data_spitter/data_spitter.sim/sim_1/behav/xsim'
"xvlog --incr --relax -prj spitter_tb_vlog.prj"
INFO: [VRFC 10-2263] Analyzing Verilog file "C:/Users/20212024/Github/ethernet_receiver/fifo_buffer/data_spitter/data_spitter.srcs/sources_1/new/spitter.v" into library xil_defaultlib
INFO: [VRFC 10-311] analyzing module spitter
INFO: [VRFC 10-2263] Analyzing Verilog file "C:/Users/20212024/Github/ethernet_receiver/fifo_buffer/data_spitter/data_spitter.srcs/sim_1/new/spitter_tb.v" into library xil_defaultlib
INFO: [VRFC 10-311] analyzing module spitter_tb
INFO: [USF-XSim-69] 'compile' step finished in '2' seconds
INFO: [USF-XSim-3] XSim::Elaborate design
INFO: [USF-XSim-61] Executing 'ELABORATE' step in 'C:/Users/20212024/Github/ethernet_receiver/fifo_buffer/data_spitter/data_spitter.sim/sim_1/behav/xsim'
"xelab --incr --debug typical --relax --mt 2 -L xil_defaultlib -L unisims_ver -L unimacro_ver -L secureip --snapshot spitter_tb_behav xil_defaultlib.spitter_tb xil_defaultlib.glbl -log elaborate.log"
Vivado Simulator v2024.2.0
Copyright 1986-2022 Xilinx, Inc. All Rights Reserved.
Copyright 2022-2024 Advanced Micro Devices, Inc. All Rights Reserved.
Running: C:/Xilinx/Vivado/2024.2/bin/unwrapped/win64.o/xelab.exe --incr --debug typical --relax --mt 2 -L xil_defaultlib -L unisims_ver -L unimacro_ver -L secureip --snapshot spitter_tb_behav xil_defaultlib.spitter_tb xil_defaultlib.glbl -log elaborate.log 
Using 2 slave threads.
Starting static elaboration
Pass Through NonSizing Optimizer
WARNING: [VRFC 10-3129] assignment to input 'data' [C:/Users/20212024/Github/ethernet_receiver/fifo_buffer/data_spitter/data_spitter.srcs/sim_1/new/spitter_tb.v:12]
Completed static elaboration
Starting simulation data flow analysis
Completed simulation data flow analysis
Time Resolution for simulation is 1ps
Compiling module xil_defaultlib.spitter
Compiling module xil_defaultlib.spitter_tb
Compiling module xil_defaultlib.glbl
Built simulation snapshot spitter_tb_behav
INFO: [USF-XSim-69] 'elaborate' step finished in '2' seconds
INFO: [USF-XSim-4] XSim::Simulate design
INFO: [USF-XSim-61] Executing 'SIMULATE' step in 'C:/Users/20212024/Github/ethernet_receiver/fifo_buffer/data_spitter/data_spitter.sim/sim_1/behav/xsim'
INFO: [USF-XSim-98] *** Running xsim
   with args "spitter_tb_behav -key {Behavioral:sim_1:Functional:spitter_tb} -tclbatch {spitter_tb.tcl} -log {simulate.log}"
INFO: [USF-XSim-8] Loading simulator feature
Time resolution is 1 ps
source spitter_tb.tcl
# set curr_wave [current_wave_config]
# if { [string length $curr_wave] == 0 } {
#   if { [llength [get_objects]] > 0} {
#     add_wave /
#     set_property needs_save false [current_wave_config]
#   } else {
#      send_msg_id Add_Wave-1 WARNING "No top level signals found. Simulator will start without a wave window. If you want to open a wave window go to 'File->New Waveform Configuration' or type 'create_wave_config' in the TCL console."
#   }
# }
# run 1000ns
Random number generated: 00010010000101010011010100100100
Random number generated: 11000000100010010101111010000001
Random number generated: 10000100100001001101011000001001
Random number generated: 10110001111100000101011001100011
Random number generated: 00000110101110010111101100001101
Random number generated: 01000110110111111001100110001101
Random number generated: 10110010110000101000010001100101
Random number generated: 10001001001101110101001000010010
Random number generated: 00000000111100111110001100000001
Random number generated: 00000110110101111100110100001101
Random number generated: 00111011001000111111000101110110
Random number generated: 00011110100011011100110100111101
Random number generated: 01110110110101000101011111101101
Random number generated: 01000110001011011111011110001100
Random number generated: 01111100111111011110100111111001
Random number generated: 11100011001101110010010011000110
Random number generated: 11100010111101111000010011000101
Random number generated: 11010101000100111101001010101010
Random number generated: 01110010101011111111011111100101
Random number generated: 10111011110100100111001001110111
Random number generated: 10001001001100101101011000010010
Random number generated: 01000111111011001101101110001111
Random number generated: 01111001001100000110100111110010
Random number generated: 11100111011101101001011011001110
Random number generated: 11110100000000000111101011101000
Random number generated: 11100010110010100100111011000101
Random number generated: 00101110010110000100100101011100
$finish called at time : 55 ns : File "C:/Users/20212024/Github/ethernet_receiver/fifo_buffer/data_spitter/data_spitter.srcs/sim_1/new/spitter_tb.v" Line 22
INFO: [USF-XSim-96] XSim completed. Design snapshot 'spitter_tb_behav' loaded.
INFO: [USF-XSim-97] XSim simulation ran for 1000ns
launch_simulation: Time (s): cpu = 00:00:05 ; elapsed = 00:00:07 . Memory (MB): peak = 1160.672 ; gain = 0.000
